Component: ARM Compiler 6.7 Tool: armlink [5c9ef700]

==============================================================================

Section Cross References

    startup_stm32f401xc.o(RESET) refers to startup_stm32f401xc.o(STACK) for __initial_sp
    startup_stm32f401xc.o(RESET) refers to startup_stm32f401xc.o(.text) for Reset_Handler
    startup_stm32f401xc.o(RESET) refers to stm32f4xx_it.o(.text.NMI_Handler) for NMI_Handler
    startup_stm32f401xc.o(RESET) refers to stm32f4xx_it.o(.text.HardFault_Handler) for HardFault_Handler
    startup_stm32f401xc.o(RESET) refers to stm32f4xx_it.o(.text.MemManage_Handler) for MemManage_Handler
    startup_stm32f401xc.o(RESET) refers to stm32f4xx_it.o(.text.BusFault_Handler) for BusFault_Handler
    startup_stm32f401xc.o(RESET) refers to stm32f4xx_it.o(.text.UsageFault_Handler) for UsageFault_Handler
    startup_stm32f401xc.o(RESET) refers to stm32f4xx_it.o(.text.SVC_Handler) for SVC_Handler
    startup_stm32f401xc.o(RESET) refers to stm32f4xx_it.o(.text.DebugMon_Handler) for DebugMon_Handler
    startup_stm32f401xc.o(RESET) refers to stm32f4xx_it.o(.text.PendSV_Handler) for PendSV_Handler
    startup_stm32f401xc.o(RESET) refers to stm32f4xx_it.o(.text.SysTick_Handler) for SysTick_Handler
    startup_stm32f401xc.o(RESET) refers to stm32f4xx_it.o(.text.TIM1_BRK_TIM9_IRQHandler) for TIM1_BRK_TIM9_IRQHandler
    startup_stm32f401xc.o(RESET) refers to stm32f4xx_it.o(.text.TIM1_UP_TIM10_IRQHandler) for TIM1_UP_TIM10_IRQHandler
    startup_stm32f401xc.o(RESET) refers to stm32f4xx_it.o(.text.USART1_IRQHandler) for USART1_IRQHandler
    startup_stm32f401xc.o(RESET) refers to stm32f4xx_it.o(.text.USART2_IRQHandler) for USART2_IRQHandler
    startup_stm32f401xc.o(RESET) refers to stm32f4xx_it.o(.text.EXTI15_10_IRQHandler) for EXTI15_10_IRQHandler
    startup_stm32f401xc.o(RESET) refers to stm32f4xx_it.o(.text.USART6_IRQHandler) for USART6_IRQHandler
    startup_stm32f401xc.o(.text) refers to system_stm32f4xx.o(.text.SystemInit) for SystemInit
    startup_stm32f401xc.o(.text) refers to entry.o(.ARM.Collect$$$$00000000) for __main
    main.o(.text.main) refers to stm32f4xx_hal.o(.text.HAL_Init) for HAL_Init
    main.o(.text.main) refers to main.o(.text.SystemClock_Config) for SystemClock_Config
    main.o(.text.main) refers to gpio.o(.text.MX_GPIO_Init) for MX_GPIO_Init
    main.o(.text.main) refers to tim.o(.text.MX_TIM1_Init) for MX_TIM1_Init
    main.o(.text.main) refers to tim.o(.text.MX_TIM3_Init) for MX_TIM3_Init
    main.o(.text.main) refers to tim.o(.text.MX_TIM4_Init) for MX_TIM4_Init
    main.o(.text.main) refers to usart.o(.text.MX_USART1_UART_Init) for MX_USART1_UART_Init
    main.o(.text.main) refers to usart.o(.text.MX_USART2_UART_Init) for MX_USART2_UART_Init
    main.o(.text.main) refers to usart.o(.text.MX_USART6_UART_Init) for MX_USART6_UART_Init
    main.o(.text.main) refers to tim.o(.text.MX_TIM10_Init) for MX_TIM10_Init
    main.o(.text.main) refers to tim.o(.text.MX_TIM9_Init) for MX_TIM9_Init
    main.o(.text.main) refers to oled.o(.text.OLED_Init) for OLED_Init
    main.o(.text.main) refers to usart.o(.text.hhSerialSendByte) for hhSerialSendByte
    main.o(.text.main) refers to moto_control.o(.text.Moto_forward_run) for Moto_forward_run
    main.o(.text.main) refers to oled.o(.text.OLED_ShowChar) for OLED_ShowChar
    main.o(.text.main) refers to usart.o(.text.SendDataToOpenmv) for SendDataToOpenmv
    main.o(.text.main) refers to main.o(.text.LoadOrNot) for LoadOrNot
    main.o(.text.main) refers to oled.o(.text.oled_show) for oled_show
    main.o(.text.main) refers to usart.o(.text.SetTargetRoom) for SetTargetRoom
    main.o(.text.main) refers to stm32f4xx_hal_gpio.o(.text.HAL_GPIO_WritePin) for HAL_GPIO_WritePin
    main.o(.text.main) refers to stm32f4xx_hal.o(.text.HAL_Delay) for HAL_Delay
    main.o(.text.main) refers to main.o(.text.Find) for Find
    main.o(.text.main) refers to main.o(.text.spin_Turn) for spin_Turn
    main.o(.text.main) refers to oled.o(.text.OLED_ShowNumber) for OLED_ShowNumber
    main.o(.text.main) refers to moto_control.o(.text.Moto_stop) for Moto_stop
    main.o(.text.main) refers to tim.o(.bss.htim1) for htim1
    main.o(.text.main) refers to stm32f4xx_hal_tim.o(.text.HAL_TIM_PWM_Start) for HAL_TIM_PWM_Start
    main.o(.text.main) refers to tim.o(.bss.htim4) for htim4
    main.o(.text.main) refers to usart.o(.bss..L_MergedGlobals.1) for huart1
    main.o(.text.main) refers to usart.o(.data..L_MergedGlobals) for Openmv_Receive_Buffer
    main.o(.text.main) refers to stm32f4xx_hal_uart.o(.text.HAL_UART_Receive_IT) for HAL_UART_Receive_IT
    main.o(.text.main) refers to usart.o(.bss..L_MergedGlobals.2) for huart6
    main.o(.text.main) refers to usart.o(.bss.Bluetooth_Receive_Buffer) for Bluetooth_Receive_Buffer
    main.o(.text.main) refers to main.o(.data..L_MergedGlobals) for [Anonymous Symbol]
    main.o(.text.main) refers to oled.o(.text.OLED_ShowNum) for OLED_ShowNum
[...]
    [Anonymous Symbol]                       0x08000e6c   Section        0  stm32f4xx_hal_cortex.o(.text.HAL_NVIC_SetPriorityGrouping)
    __arm_cp.0_0                             0x08000e84   Number         4  stm32f4xx_hal_cortex.o(.text.HAL_NVIC_SetPriorityGrouping)
    __arm_cp.0_1                             0x08000e88   Number         4  stm32f4xx_hal_cortex.o(.text.HAL_NVIC_SetPriorityGrouping)
    [Anonymous Symbol]                       0x08000e8c   Section        0  stm32f4xx_hal_rcc.o(.text.HAL_RCC_ClockConfig)
    __arm_cp.2_0                             0x08000fac   Number         4  stm32f4xx_hal_rcc.o(.text.HAL_RCC_ClockConfig)
    __arm_cp.2_1                             0x08000fb0   Number         4  stm32f4xx_hal_rcc.o(.text.HAL_RCC_ClockConfig)
    __arm_cp.2_3                             0x08000fb4   Number         4  stm32f4xx_hal_rcc.o(.text.HAL_RCC_ClockConfig)
    [Anonymous Symbol]                       0x08000fb8   Section        0  stm32f4xx_hal_rcc.o(.text.HAL_RCC_GetPCLK1Freq)
    [Anonymous Symbol]                       0x08000fcc   Section        0  stm32f4xx_hal_rcc.o(.text.HAL_RCC_GetPCLK2Freq)
    __arm_cp.9_0                             0x08000fe0   Number         4  stm32f4xx_hal_rcc.o(.text.HAL_RCC_GetPCLK2Freq)
    __arm_cp.9_1                             0x08000fe4   Number         4  stm32f4xx_hal_rcc.o(.text.HAL_RCC_GetPCLK2Freq)
    __arm_cp.9_2                             0x08000fe8   Number         4  stm32f4xx_hal_rcc.o(.text.HAL_RCC_GetPCLK2Freq)
    [Anonymous Symbol]                       0x08000fec   Section        0  stm32f4xx_hal_rcc.o(.text.HAL_RCC_GetSysClockFreq)
    __arm_cp.3_1                             0x08001044   Number         4  stm32f4xx_hal_rcc.o(.text.HAL_RCC_GetSysClockFreq)
    __arm_cp.3_2                             0x08001048   Number         4  stm32f4xx_hal_rcc.o(.text.HAL_RCC_GetSysClockFreq)
    [Anonymous Symbol]                       0x0800104c   Section        0  stm32f4xx_hal_rcc.o(.text.HAL_RCC_OscConfig)
    __arm_cp.1_0                             0x080013b0   Number         4  stm32f4xx_hal_rcc.o(.text.HAL_RCC_OscConfig)
    __arm_cp.1_1                             0x080013b4   Number         4  stm32f4xx_hal_rcc.o(.text.HAL_RCC_OscConfig)
    __arm_cp.1_2                             0x080013b8   Number         4  stm32f4xx_hal_rcc.o(.text.HAL_RCC_OscConfig)
    __arm_cp.1_3                             0x080013bc   Number         4  stm32f4xx_hal_rcc.o(.text.HAL_RCC_OscConfig)
    [Anonymous Symbol]                       0x080013c0   Section        0  stm32f4xx_hal_cortex.o(.text.HAL_SYSTICK_Config)
    __arm_cp.5_0                             0x080013e0   Number         4  stm32f4xx_hal_cortex.o(.text.HAL_SYSTICK_Config)
    __arm_cp.5_1                             0x080013e4   Number         4  stm32f4xx_hal_cortex.o(.text.HAL_SYSTICK_Config)
    [Anonymous Symbol]                       0x080013e8   Section        0  stm32f4xx_hal_tim_ex.o(.text.HAL_TIMEx_BreakCallback)
    [Anonymous Symbol]                       0x080013ea   Section        0  stm32f4xx_hal_tim_ex.o(.text.HAL_TIMEx_CommutCallback)
    [Anonymous Symbol]                       0x080013ec   Section        0  stm32f4xx_hal_tim_ex.o(.text.HAL_TIMEx_ConfigBreakDeadTime)
    [Anonymous Symbol]                       0x0800143c   Section        0  stm32f4xx_hal_tim_ex.o(.text.HAL_TIMEx_MasterConfigSynchronization)
    [Anonymous Symbol]                       0x080014ac   Section        0  stm32f4xx_hal_tim.o(.text.HAL_TIM_Base_Init)
    [Anonymous Symbol]                       0x08001504   Section        0  tim.o(.text.HAL_TIM_Base_MspInit)
    __arm_cp.6_0                             0x08001604   Number         4  tim.o(.text.HAL_TIM_Base_MspInit)
    __arm_cp.6_3                             0x08001608   Number         4  tim.o(.text.HAL_TIM_Base_MspInit)
    __arm_cp.6_6                             0x0800160c   Number         4  tim.o(.text.HAL_TIM_Base_MspInit)
    [Anonymous Symbol]                       0x08001610   Section        0  stm32f4xx_hal_tim.o(.text.HAL_TIM_Base_Start)
    [Anonymous Symbol]                       0x08001660   Section        0  stm32f4xx_hal_tim.o(.text.HAL_TIM_Base_Start_IT)
    __arm_cp.7_0                             0x080016b8   Number         4  stm32f4xx_hal_tim.o(.text.HAL_TIM_Base_Start_IT)
    __arm_cp.7_1                             0x080016bc   Number         4  stm32f4xx_hal_tim.o(.text.HAL_TIM_Base_Start_IT)
    __arm_cp.7_2                             0x080016c0   Number         4  stm32f4xx_hal_tim.o(.text.HAL_TIM_Base_Start_IT)
    __arm_cp.7_3                             0x080016c4   Number         4  stm32f4xx_hal_tim.o(.text.HAL_TIM_Base_Start_IT)
    __arm_cp.7_4                             0x080016c8   Number         4  stm32f4xx_hal_tim.o(.text.HAL_TIM_Base_Start_IT)
    [Anonymous Symbol]                       0x080016cc   Section        0  stm32f4xx_hal_tim.o(.text.HAL_TIM_ConfigClockSource)
    [Anonymous Symbol]                       0x080017c4   Section        0  stm32f4xx_hal_tim.o(.text.HAL_TIM_IC_CaptureCallback)
    [Anonymous Symbol]                       0x080017c8   Section        0  stm32f4xx_hal_tim.o(.text.HAL_TIM_IC_ConfigChannel)
    [Anonymous Symbol]                       0x080018b8   Section        0  stm32f4xx_hal_tim.o(.text.HAL_TIM_IC_Init)
    [Anonymous Symbol]                       0x08001910   Section        0  stm32f4xx_hal_tim.o(.text.HAL_TIM_IC_MspInit)
    [Anonymous Symbol]                       0x08001912   Section        0  stm32f4xx_hal_tim.o(.text.HAL_TIM_IRQHandler)
    [Anonymous Symbol]                       0x08001a2c   Section        0  tim.o(.text.HAL_TIM_MspPostInit)
    __arm_cp.1_0                             0x08001ac8   Number         4  tim.o(.text.HAL_TIM_MspPostInit)
    __arm_cp.1_1                             0x08001acc   Number         4  tim.o(.text.HAL_TIM_MspPostInit)
    [Anonymous Symbol]                       0x08001ad0   Section        0  stm32f4xx_hal_tim.o(.text.HAL_TIM_OC_DelayElapsedCallback)
    [Anonymous Symbol]                       0x08001ad4   Section        0  stm32f4xx_hal_tim.o(.text.HAL_TIM_PWM_ConfigChannel)
    [Anonymous Symbol]                       0x08001b6e   Section        0  stm32f4xx_hal_tim.o(.text.HAL_TIM_PWM_Init)
    [Anonymous Symbol]                       0x08001bc6   Section        0  stm32f4xx_hal_tim.o(.text.HAL_TIM_PWM_MspInit)
    [Anonymous Symbol]                       0x08001bc8   Section        0  stm32f4xx_hal_tim.o(.text.HAL_TIM_PWM_PulseFinishedCallback)
    [Anonymous Symbol]                       0x08001bcc   Section        0  stm32f4xx_hal_tim.o(.text.HAL_TIM_PWM_Start)
    __arm_cp.31_0                            0x08001c70   Number         4  stm32f4xx_hal_tim.o(.text.HAL_TIM_PWM_Start)
    __arm_cp.31_1                            0x08001c74   Number         4  stm32f4xx_hal_tim.o(.text.HAL_TIM_PWM_Start)
    __arm_cp.31_2                            0x08001c78   Number         4  stm32f4xx_hal_tim.o(.text.HAL_TIM_PWM_Start)
    __arm_cp.31_3                            0x08001c7c   Number         4  stm32f4xx_hal_tim.o(.text.HAL_TIM_PWM_Start)
    __arm_cp.31_4                            0x08001c80   Number         4  stm32f4xx_hal_tim.o(.text.HAL_TIM_PWM_Start)
    __arm_cp.31_5                            0x08001c84   Number         4  stm32f4xx_hal_tim.o(.text.HAL_TIM_PWM_Start)
    [Anonymous Symbol]                       0x08001c88   Section        0  encoder.o(.text.HAL_TIM_PeriodElapsedCallback)
    __arm_cp.1_0                             0x08001d24   Number         4  encoder.o(.text.HAL_TIM_PeriodElapsedCallback)
    __arm_cp.1_1                             0x08001d28   Number         4  encoder.o(.text.HAL_TIM_PeriodElapsedCallback)
    __arm_cp.1_2                             0x08001d2c   Number         4  encoder.o(.text.HAL_TIM_PeriodElapsedCallback)
    __arm_cp.1_3                             0x08001d30   Number         4  encoder.o(.text.HAL_TIM_PeriodElapsedCallback)
    __arm_cp.1_4                             0x08001d34   Number         4  encoder.o(.text.HAL_TIM_PeriodElapsedCallback)
    __arm_cp.1_5                             0x08001d38   Number         4  encoder.o(.text.HAL_TIM_PeriodElapsedCallback)
    [Anonymous Symbol]                       0x08001d3c   Section        0  stm32f4xx_hal_tim.o(.text.HAL_TIM_TriggerCallback)
    [Anonymous Symbol]                       0x08001d3e   Section        0  stm32f4xx_hal_uart.o(.text.HAL_UARTEx_RxEventCallback)
    [Anonymous Symbol]                       0x08001d40   Section        0  stm32f4xx_hal_uart.o(.text.HAL_UART_ErrorCallback)
    [Anonymous Symbol]                       0x08001d44   Section        0  stm32f4xx_hal_uart.o(.text.HAL_UART_IRQHandler)
    __arm_cp.42_0                            0x08001fe4   Number         4  stm32f4xx_hal_uart.o(.text.HAL_UART_IRQHandler)
    [Anonymous Symbol]                       0x08001fe8   Section        0  stm32f4xx_hal_uart.o(.text.HAL_UART_Init)
    [Anonymous Symbol]                       0x08002048   Section        0  usart.o(.text.HAL_UART_MspInit)
    __arm_cp.4_0                             0x0800216c   Number         4  usart.o(.text.HAL_UART_MspInit)
    __arm_cp.4_1                             0x08002170   Number         4  usart.o(.text.HAL_UART_MspInit)
    __arm_cp.4_3                             0x08002174   Number         4  usart.o(.text.HAL_UART_MspInit)
    __arm_cp.4_4                             0x08002178   Number         4  usart.o(.text.HAL_UART_MspInit)
    [Anonymous Symbol]                       0x0800217c   Section        0  stm32f4xx_hal_uart.o(.text.HAL_UART_Receive_IT)
    [Anonymous Symbol]                       0x0800219c   Section        0  usart.o(.text.HAL_UART_RxCpltCallback)
    __arm_cp.9_0                             0x08002248   Number         4  usart.o(.text.HAL_UART_RxCpltCallback)
    __arm_cp.9_1                             0x0800224c   Number         4  usart.o(.text.HAL_UART_RxCpltCallback)
    __arm_cp.9_2                             0x08002250   Number         4  usart.o(.text.HAL_UART_RxCpltCallback)
    __arm_cp.9_3                             0x08002254   Number         4  usart.o(.text.HAL_UART_RxCpltCallback)
    __arm_cp.9_4                             0x08002258   Number         4  usart.o(.text.HAL_UART_RxCpltCallback)
    __arm_cp.9_5                             0x0800225c   Number         4  usart.o(.text.HAL_UART_RxCpltCallback)
    [Anonymous Symbol]                       0x08002260   Section        0  stm32f4xx_hal_uart.o(.text.HAL_UART_Transmit)
    [Anonymous Symbol]                       0x0800230e   Section        0  stm32f4xx_hal_uart.o(.text.HAL_UART_TxCpltCallback)
    [Anonymous Symbol]                       0x08002310   Section        0  stm32f4xx_it.o(.text.HardFault_Handler)
    [Anonymous Symbol]                       0x08002314   Section        0  oled.o(.text.IIC_Start)
    [Anonymous Symbol]                       0x08002348   Section        0  oled.o(.text.IIC_Stop)
    [Anonymous Symbol]                       0x08002374   Section        0  oled.o(.text.IIC_Wait_Ack)
    [Anonymous Symbol]                       0x08002394   Section        0  main.o(.text.LoadOrNot)
    __arm_cp.2_0                             0x080023f4   Number         4  main.o(.text.LoadOrNot)
    __arm_cp.2_1                             0x080023f8   Number         4  main.o(.text.LoadOrNot)
    [Anonymous Symbol]                       0x080023fc   Section        0  gpio.o(.text.MX_GPIO_Init)
    __arm_cp.0_0                             0x08002574   Number         4  gpio.o(.text.MX_GPIO_Init)
    __arm_cp.0_1                             0x08002578   Number         4  gpio.o(.text.MX_GPIO_Init)
    __arm_cp.0_2                             0x0800257c   Number         4  gpio.o(.text.MX_GPIO_Init)
    __arm_cp.0_3                             0x08002580   Number         4  gpio.o(.text.MX_GPIO_Init)
    [Anonymous Symbol]                       0x08002584   Section        0  tim.o(.text.MX_TIM10_Init)
    __arm_cp.5_0                             0x080025b0   Number         4  tim.o(.text.MX_TIM10_Init)
    __arm_cp.5_1                             0x080025b4   Number         4  tim.o(.text.MX_TIM10_Init)
    [Anonymous Symbol]                       0x080025b8   Section        0  tim.o(.text.MX_TIM1_Init)
    __arm_cp.0_0                             0x0800268c   Number         4  tim.o(.text.MX_TIM1_Init)
    __arm_cp.0_1                             0x08002690   Number         4  tim.o(.text.MX_TIM1_Init)
    [Anonymous Symbol]                       0x08002694   Section        0  tim.o(.text.MX_TIM3_Init)
    __arm_cp.2_0                             0x0800275c   Number         4  tim.o(.text.MX_TIM3_Init)
    __arm_cp.2_1                             0x08002760   Number         4  tim.o(.text.MX_TIM3_Init)
    [Anonymous Symbol]                       0x08002764   Section        0  tim.o(.text.MX_TIM4_Init)
    __arm_cp.3_0                             0x08002830   Number         4  tim.o(.text.MX_TIM4_Init)
    __arm_cp.3_1                             0x08002834   Number         4  tim.o(.text.MX_TIM4_Init)
    [Anonymous Symbol]                       0x08002838   Section        0  tim.o(.text.MX_TIM9_Init)
    __arm_cp.4_0                             0x08002884   Number         4  tim.o(.text.MX_TIM9_Init)
    __arm_cp.4_1                             0x08002888   Number         4  tim.o(.text.MX_TIM9_Init)
    [Anonymous Symbol]                       0x0800288c   Section        0  usart.o(.text.MX_USART1_UART_Init)
    __arm_cp.1_0                             0x080028bc   Number         4  usart.o(.text.MX_USART1_UART_Init)
    __arm_cp.1_1                             0x080028c0   Number         4  usart.o(.text.MX_USART1_UART_Init)
    [Anonymous Symbol]                       0x080028c4   Section        0  usart.o(.text.MX_USART2_UART_Init)
    __arm_cp.2_0                             0x080028f4   Number         4  usart.o(.text.MX_USART2_UART_Init)
    __arm_cp.2_1                             0x080028f8   Number         4  usart.o(.text.MX_USART2_UART_Init)
    [Anonymous Symbol]                       0x080028fc   Section        0  usart.o(.text.MX_USART6_UART_Init)
    __arm_cp.3_0                             0x0800294c   Number         4  usart.o(.text.MX_USART6_UART_Init)
    __arm_cp.3_1                             0x08002950   Number         4  usart.o(.text.MX_USART6_UART_Init)
    [Anonymous Symbol]                       0x08002954   Section        0  stm32f4xx_it.o(.text.MemManage_Handler)
    [Anonymous Symbol]                       0x08002958   Section        0  moto_control.o(.text.Moto_back_run)
    [Anonymous Symbol]                       0x0800298c   Section        0  moto_control.o(.text.Moto_forward_run)
    [Anonymous Symbol]                       0x080029c0   Section        0  moto_control.o(.text.Moto_stop)
    [Anonymous Symbol]                       0x080029f4   Section        0  moto_control.o(.text.Moto_turn_left)
    [Anonymous Symbol]                       0x08002a28   Section        0  moto_control.o(.text.Moto_turn_right)
    __arm_cp.3_0                             0x08002a5c   Number         4  moto_control.o(.text.Moto_turn_right)
    __arm_cp.3_1                             0x08002a60   Number         4  moto_control.o(.text.Moto_turn_right)
    [Anonymous Symbol]                       0x08002a64   Section        0  stm32f4xx_it.o(.text.NMI_Handler)
    [Anonymous Symbol]                       0x08002a68   Section        0  oled.o(.text.OLED_Clear)
    [Anonymous Symbol]                       0x08002a9c   Section        0  oled.o(.text.OLED_Init)
    [Anonymous Symbol]                       0x08002b24   Section        0  oled.o(.text.OLED_Set_Pos)
    __arm_cp.8_0                             0x08002b48   Number         4  oled.o(.text.OLED_Set_Pos)
    [Anonymous Symbol]                       0x08002b4c   Section        0  oled.o(.text.OLED_ShowChar)
    __arm_cp.13_0                            0x08002bd8   Number         4  oled.o(.text.OLED_ShowChar)
    __arm_cp.13_1                            0x08002bdc   Number         4  oled.o(.text.OLED_ShowChar)
    [Anonymous Symbol]                       0x08002be0   Section        0  oled.o(.text.OLED_ShowNum)
    [Anonymous Symbol]                       0x08002c70   Section        0  oled.o(.text.OLED_ShowNumber)
    [Anonymous Symbol]                       0x08002d00   Section        0  oled.o(.text.OLED_ShowString)
    [Anonymous Symbol]                       0x08002d44   Section        0  usart.o(.text.Openmv_Receive_Data)
    __arm_cp.8_0                             0x08002e24   Number         4  usart.o(.text.Openmv_Receive_Data)
    [Anonymous Symbol]                       0x08002e28   Section        0  stm32f4xx_it.o(.text.PendSV_Handler)
    [Anonymous Symbol]                       0x08002e2c   Section        0  fine_line.o(.text.Position_PID)
    __arm_cp.3_0                             0x08002e70   Number         4  fine_line.o(.text.Position_PID)
    [Anonymous Symbol]                       0x08002e74   Section        0  stm32f4xx_it.o(.text.SVC_Handler)
    [Anonymous Symbol]                       0x08002e78   Section        0  usart.o(.text.SendDataToOpenmv)
    __arm_cp.6_0                             0x08002ed8   Number         4  usart.o(.text.SendDataToOpenmv)
    __arm_cp.6_2                             0x08002ee4   Number         4  usart.o(.text.SendDataToOpenmv)
    [Anonymous Symbol]                       0x08002ee8   Section        0  usart.o(.text.SetTargetRoom)
    __arm_cp.7_0                             0x08002f3c   Number         4  usart.o(.text.SetTargetRoom)
    [Anonymous Symbol]                       0x08002f40   Section        0  stm32f4xx_it.o(.text.SysTick_Handler)
    [Anonymous Symbol]                       0x08002f44   Section        0  main.o(.text.SystemClock_Config)
    __arm_cp.1_0                             0x08002fd4   Number         4  main.o(.text.SystemClock_Config)
    __arm_cp.1_1                             0x08002fd8   Number         4  main.o(.text.SystemClock_Config)
    [Anonymous Symbol]                       0x08002fdc   Section        0  system_stm32f4xx.o(.text.SystemInit)
    __arm_cp.0_0                             0x08002fe8   Number         4  system_stm32f4xx.o(.text.SystemInit)
    [Anonymous Symbol]                       0x08002fec   Section        0  stm32f4xx_it.o(.text.TIM1_BRK_TIM9_IRQHandler)
    __arm_cp.9_1                             0x08003000   Number         4  stm32f4xx_it.o(.text.TIM1_BRK_TIM9_IRQHandler)
    [Anonymous Symbol]                       0x08003004   Section        0  stm32f4xx_it.o(.text.TIM1_UP_TIM10_IRQHandler)
    __arm_cp.10_0                            0x08003018   Number         4  stm32f4xx_it.o(.text.TIM1_UP_TIM10_IRQHandler)
    __arm_cp.10_1                            0x0800301c   Number         4  stm32f4xx_it.o(.text.TIM1_UP_TIM10_IRQHandler)
    [Anonymous Symbol]                       0x08003020   Section        0  stm32f4xx_hal_tim.o(.text.TIM_Base_SetConfig)
    __arm_cp.2_5                             0x080030b8   Number         4  stm32f4xx_hal_tim.o(.text.TIM_Base_SetConfig)
    __arm_cp.2_6                             0x080030bc   Number         4  stm32f4xx_hal_tim.o(.text.TIM_Base_SetConfig)
    [Anonymous Symbol]                       0x080030c0   Section        0  stm32f4xx_hal_tim.o(.text.TIM_OC1_SetConfig)
    TIM_OC1_SetConfig                        0x080030c1   Thumb Code    92  stm32f4xx_hal_tim.o(.text.TIM_OC1_SetConfig)
    [Anonymous Symbol]                       0x08003118   Section        0  stm32f4xx_hal_tim.o(.text.TIM_OC2_SetConfig)
    [Anonymous Symbol]                       0x08003178   Section        0  stm32f4xx_hal_tim.o(.text.TIM_OC3_SetConfig)
    TIM_OC3_SetConfig                        0x08003179   Thumb Code   100  stm32f4xx_hal_tim.o(.text.TIM_OC3_SetConfig)
    [Anonymous Symbol]                       0x080031d8   Section        0  stm32f4xx_hal_tim.o(.text.TIM_OC4_SetConfig)
    TIM_OC4_SetConfig                        0x080031d9   Thumb Code    76  stm32f4xx_hal_tim.o(.text.TIM_OC4_SetConfig)
    [Anonymous Symbol]                       0x08003220   Section        0  stm32f4xx_hal_tim.o(.text.TIM_TI1_ConfigInputStage)
    TIM_TI1_ConfigInputStage                 0x08003221   Thumb Code    34  stm32f4xx_hal_tim.o(.text.TIM_TI1_ConfigInputStage)
    [Anonymous Symbol]                       0x08003244   Section        0  stm32f4xx_hal_tim.o(.text.TIM_TI1_SetConfig)
    __arm_cp.79_0                            0x080032a0   Number         4  stm32f4xx_hal_tim.o(.text.TIM_TI1_SetConfig)
    __arm_cp.79_1                            0x080032a4   Number         4  stm32f4xx_hal_tim.o(.text.TIM_TI1_SetConfig)
    __arm_cp.79_2                            0x080032a8   Number         4  stm32f4xx_hal_tim.o(.text.TIM_TI1_SetConfig)
    __arm_cp.79_3                            0x080032ac   Number         4  stm32f4xx_hal_tim.o(.text.TIM_TI1_SetConfig)
    __arm_cp.79_4                            0x080032b0   Number         4  stm32f4xx_hal_tim.o(.text.TIM_TI1_SetConfig)
    [Anonymous Symbol]                       0x080032b4   Section        0  stm32f4xx_hal_tim.o(.text.TIM_TI2_ConfigInputStage)
    TIM_TI2_ConfigInputStage                 0x080032b5   Thumb Code    36  stm32f4xx_hal_tim.o(.text.TIM_TI2_ConfigInputStage)
    [Anonymous Symbol]                       0x080032d8   Section        0  stm32f4xx_hal_tim.o(.text.TIM_TI2_SetConfig)
    TIM_TI2_SetConfig                        0x080032d9   Thumb Code    60  stm32f4xx_hal_tim.o(.text.TIM_TI2_SetConfig)
    [Anonymous Symbol]                       0x08003314   Section        0  stm32f4xx_hal_uart.o(.text.UART_DMAAbortOnError)
    UART_DMAAbortOnError                     0x08003315   Thumb Code    12  stm32f4xx_hal_uart.o(.text.UART_DMAAbortOnError)
    [Anonymous Symbol]                       0x08003320   Section        0  stm32f4xx_hal_uart.o(.text.UART_EndRxTransfer)
    UART_EndRxTransfer                       0x08003321   Thumb Code    78  stm32f4xx_hal_uart.o(.text.UART_EndRxTransfer)
    [Anonymous Symbol]                       0x0800336e   Section        0  stm32f4xx_hal_uart.o(.text.UART_Receive_IT)
    UART_Receive_IT                          0x0800336f   Thumb Code   202  stm32f4xx_hal_uart.o(.text.UART_Receive_IT)
    [Anonymous Symbol]                       0x08003438   Section        0  stm32f4xx_hal_uart.o(.text.UART_SetConfig)
    UART_SetConfig                           0x08003439   Thumb Code   204  stm32f4xx_hal_uart.o(.text.UART_SetConfig)
    __arm_cp.2_0                             0x08003500   Number         4  stm32f4xx_hal_uart.o(.text.UART_SetConfig)
    [Anonymous Symbol]                       0x08003504   Section        0  stm32f4xx_hal_uart.o(.text.UART_Start_Receive_IT)
    [Anonymous Symbol]                       0x08003536   Section        0  stm32f4xx_hal_uart.o(.text.UART_WaitOnFlagUntilTimeout)
    UART_WaitOnFlagUntilTimeout              0x08003537   Thumb Code   112  stm32f4xx_hal_uart.o(.text.UART_WaitOnFlagUntilTimeout)
    [Anonymous Symbol]                       0x080035a8   Section        0  stm32f4xx_it.o(.text.USART1_IRQHandler)
    __arm_cp.11_0                            0x080035b0   Number         4  stm32f4xx_it.o(.text.USART1_IRQHandler)
    [Anonymous Symbol]                       0x080035b4   Section        0  stm32f4xx_it.o(.text.USART2_IRQHandler)
    __arm_cp.12_0                            0x080035bc   Number         4  stm32f4xx_it.o(.text.USART2_IRQHandler)
    [Anonymous Symbol]                       0x080035c0   Section        0  stm32f4xx_it.o(.text.USART6_IRQHandler)
    __arm_cp.14_0                            0x080035c8   Number         4  stm32f4xx_it.o(.text.USART6_IRQHandler)
    [Anonymous Symbol]                       0x080035cc   Section        0  stm32f4xx_it.o(.text.UsageFault_Handler)
    [Anonymous Symbol]                       0x080035d0   Section        0  oled.o(.text.Write_IIC_Byte)
    __arm_cp.3_0                             0x08003620   Number         4  oled.o(.text.Write_IIC_Byte)
    [Anonymous Symbol]                       0x08003624   Section        0  oled.o(.text.Write_IIC_Command)
    [Anonymous Symbol]                       0x0800364c   Section        0  oled.o(.text.Write_IIC_Data)
    __arm_cp.5_0                             0x08003674   Number         4  oled.o(.text.Write_IIC_Data)
    __arm_cp.5_1                             0x08003678   Number         4  oled.o(.text.Write_IIC_Data)
    [Anonymous Symbol]                       0x0800367c   Section        0  usart.o(.text.hhSerialSendByte)
    __arm_cp.10_0                            0x08003698   Number         4  usart.o(.text.hhSerialSendByte)
    [Anonymous Symbol]                       0x0800369c   Section        0  main.o(.text.main)
    __arm_cp.0_37                            0x08003a34   Number         4  main.o(.text.main)
    __arm_cp.0_38                            0x08003a38   Number         4  main.o(.text.main)
    __arm_cp.0_0                             0x080042f0   Number         4  main.o(.text.main)
    __arm_cp.0_1                             0x080042f4   Number         4  main.o(.text.main)
    __arm_cp.0_2                             0x080042f8   Number         4  main.o(.text.main)
    __arm_cp.0_4                             0x080042fc   Number         4  main.o(.text.main)
    __arm_cp.0_5                             0x08004300   Number         4  main.o(.text.main)
    __arm_cp.0_6                             0x08004304   Number         4  main.o(.text.main)
    __arm_cp.0_7                             0x08004308   Number         4  main.o(.text.main)
    __arm_cp.0_8                             0x0800430c   Number         4  main.o(.text.main)
    __arm_cp.0_10                            0x08004310   Number         4  main.o(.text.main)
    __arm_cp.0_11                            0x08004314   Number         4  main.o(.text.main)
    __arm_cp.0_13                            0x08004318   Number         4  main.o(.text.main)
    __arm_cp.0_15                            0x0800431c   Number         4  main.o(.text.main)
    __arm_cp.0_16                            0x08004320   Number         4  main.o(.text.main)
    __arm_cp.0_18                            0x08004324   Number         4  main.o(.text.main)
    __arm_cp.0_19                            0x08004328   Number         4  main.o(.text.main)
    __arm_cp.0_20                            0x0800432c   Number         4  main.o(.text.main)
    __arm_cp.0_21                            0x08004330   Number         4  main.o(.text.main)
    __arm_cp.0_22                            0x08004334   Number         4  main.o(.text.main)
    __arm_cp.0_23                            0x08004338   Number         4  main.o(.text.main)
    [Anonymous Symbol]                       0x0800433c   Section        0  moto_control.o(.text.moto_control_l)
    __arm_cp.5_0                             0x080043b8   Number         4  moto_control.o(.text.moto_control_l)
    __arm_cp.5_1                             0x080043bc   Number         4  moto_control.o(.text.moto_control_l)
    __arm_cp.5_6                             0x080043d0   Number         4  moto_control.o(.text.moto_control_l)
    [Anonymous Symbol]                       0x080043d4   Section        0  moto_control.o(.text.moto_control_r)
    __arm_cp.6_0                             0x08004450   Number         4  moto_control.o(.text.moto_control_r)
    __arm_cp.6_1                             0x08004454   Number         4  moto_control.o(.text.moto_control_r)
    __arm_cp.6_6                             0x08004468   Number         4  moto_control.o(.text.moto_control_r)
    [Anonymous Symbol]                       0x0800446c   Section        0  oled.o(.text.oled_show)
    __arm_cp.19_1                            0x080044d4   Number         4  oled.o(.text.oled_show)
    __arm_cp.19_2                            0x080044d8   Number         4  oled.o(.text.oled_show)
    __arm_cp.19_4                            0x080044e4   Number         4  oled.o(.text.oled_show)
    [Anonymous Symbol]                       0x080044f8   Section        0  main.o(.text.spin_Turn)
    __arm_cp.4_0                             0x080045d4   Number         4  main.o(.text.spin_Turn)
    __arm_cp.4_1                             0x080045d8   Number         4  main.o(.text.spin_Turn)
    i.__0sprintf                             0x080045dc   Section        0  printfa.o(i.__0sprintf)
    i.__scatterload_copy                     0x08004604   Section       14  handlers.o(i.__scatterload_copy)
    i.__scatterload_null                     0x08004612   Section        2  handlers.o(i.__scatterload_null)
    i.__scatterload_zeroinit                 0x08004614   Section       14  handlers.o(i.__scatterload_zeroinit)
    i._fp_digits                             0x08004624   Section        0  printfa.o(i._fp_digits)
    _fp_digits                               0x08004625   Thumb Code   366  printfa.o(i._fp_digits)
    i._printf_core                           0x080047a8   Section        0  printfa.o(i._printf_core)
    _printf_core                             0x080047a9   Thumb Code  1744  printfa.o(i._printf_core)
    i._printf_post_padding                   0x08004e84   Section        0  printfa.o(i._printf_post_padding)
    _printf_post_padding                     0x08004e85   Thumb Code    36  printfa.o(i._printf_post_padding)
    i._printf_pre_padding                    0x08004ea8   Section        0  printfa.o(i._printf_pre_padding)
    _printf_pre_padding                      0x08004ea9   Thumb Code    46  printfa.o(i._printf_pre_padding)
    i._sputc                                 0x08004ed6   Section        0  printfa.o(i._sputc)
    _sputc                                   0x08004ed7   Thumb Code    10  printfa.o(i._sputc)
    [Anonymous Symbol]                       0x20000000   Section        0  main.o(.data..L_MergedGlobals)
    [Anonymous Symbol]                       0x20000020   Section        0  usart.o(.data..L_MergedGlobals)
    [Anonymous Symbol]                       0x20000080   Section        0  stm32f4xx_hal.o(.data..L_MergedGlobals)
    [Anonymous Symbol]                       0x20000090   Section        0  encoder.o(.data..L_MergedGlobals)
    [Anonymous Symbol]                       0x200000c0   Section        0  fine_line.o(.data..L_MergedGlobals)
    [Anonymous Symbol]                       0x20000100   Section        0  usart.o(.bss..L_MergedGlobals.1)
    [Anonymous Symbol]                       0x20000148   Section        0  fine_line.o(.bss..L_MergedGlobals.1)
    Position_PID.Bias                        0x20000148   Data           4  fine_line.o(.bss..L_MergedGlobals.1)
    Position_PID.Pwm                         0x2000014c   Data           4  fine_line.o(.bss..L_MergedGlobals.1)
    Position_PID.Integral_bias               0x20000150   Data           4  fine_line.o(.bss..L_MergedGlobals.1)
    Position_PID.Last_Bias                   0x20000154   Data           4  fine_line.o(.bss..L_MergedGlobals.1)
    [Anonymous Symbol]                       0x20000160   Section        0  usart.o(.bss..L_MergedGlobals.2)
    [Anonymous Symbol]                       0x200001b0   Section        0  usart.o(.bss..L_MergedGlobals.3)
    Openmv_Receive_Data.RxCounter1           0x200001b0   Data           1  usart.o(.bss..L_MergedGlobals.3)
    Openmv_Receive_Data.RxState              0x200001b1   Data           1  usart.o(.bss..L_MergedGlobals.3)
    Openmv_Receive_Data.RxBuffer1            0x200001b2   Data          20  usart.o(.bss..L_MergedGlobals.3)
    [Anonymous Symbol]                       0x20000330   Section        0  moto_control.o(.bss.pid_cal_l.Integral_error_l)
    pid_cal_l.Integral_error_l               0x20000330   Data           4  moto_control.o(.bss.pid_cal_l.Integral_error_l)
    [Anonymous Symbol]                       0x20000334   Section        0  moto_control.o(.bss.pid_cal_r.Integral_error)
    pid_cal_r.Integral_error                 0x20000334   Data           4  moto_control.o(.bss.pid_cal_r.Integral_error)
    STACK                                    0x20000338   Section     1024  startup_stm32f401xc.o(STACK)

    Global Symbols

    Symbol Name                              Value     Ov Type        Size  Object(Section)

    BuildAttributes$$THM_ISAv4$E$P$D$K$B$S$7EM$VFPi3$EXTD16$VFPS$VFMA$PE$A:L22UL41UL21$X:L11$S22US41US21$IEEE1$IW$~IW$USESV6$~STKCKD$USESV7$~SHL$OTIME$ROPI$EBA8$MICROLIB$REQ8$PRES8$EABIv2 0x00000000   Number         0  anon$$obj.o ABSOLUTE
    _printf_a                                0x00000000   Number         0  stubs.o ABSOLUTE
    _printf_c                                0x00000000   Number         0  stubs.o ABSOLUTE
    _printf_charcount                        0x00000000   Number         0  stubs.o ABSOLUTE
    _printf_d                                0x00000000   Number         0  stubs.o ABSOLUTE
    _printf_e                                0x00000000   Number         0  stubs.o ABSOLUTE
    _printf_f                                0x00000000   Number         0  stubs.o ABSOLUTE
    _printf_flags                            0x00000000   Number         0  stubs.o ABSOLUTE
    _printf_fp_dec                           0x00000000   Number         0  stubs.o ABSOLUTE
    _printf_fp_hex                           0x00000000   Number         0  stubs.o ABSOLUTE
    _printf_g                                0x00000000   Number         0  stubs.o ABSOLUTE
    _printf_i                                0x00000000   Number         0  stubs.o ABSOLUTE
    _printf_int_dec                          0x00000000   Number         0  stubs.o ABSOLUTE
    _printf_l                                0x00000000   Number         0  stubs.o ABSOLUTE
    _printf_lc                               0x00000000   Number         0  stubs.o ABSOLUTE
    _printf_ll                               0x00000000   Number         0  stubs.o ABSOLUTE
    _printf_lld                              0x00000000   Number         0  stubs.o ABSOLUTE
    _printf_lli                              0x00000000   Number         0  stubs.o ABSOLUTE
    _printf_llo                              0x00000000   Number         0  stubs.o ABSOLUTE
    _printf_llu                              0x00000000   Number         0  stubs.o ABSOLUTE
    _printf_llx                              0x00000000   Number         0  stubs.o ABSOLUTE
    _printf_longlong_dec                     0x00000000   Number         0  stubs.o ABSOLUTE
    _printf_longlong_hex                     0x00000000   Number         0  stubs.o ABSOLUTE
    _printf_longlong_oct                     0x00000000   Number         0  stubs.o ABSOLUTE
    _printf_ls                               0x00000000   Number         0  stubs.o ABSOLUTE
    _printf_mbtowc                           0x00000000   Number         0  stubs.o ABSOLUTE
    _printf_n                                0x00000000   Number         0  stubs.o ABSOLUTE
    _printf_o                                0x00000000   Number         0  stubs.o ABSOLUTE
    _printf_p                                0x00000000   Number         0  stubs.o ABSOLUTE
    _printf_percent                          0x00000000   Number         0  stubs.o ABSOLUTE
    _printf_pre_padding                      0x00000000   Number         0  stubs.o ABSOLUTE
    _printf_return_value                     0x00000000   Number         0  stubs.o ABSOLUTE
    _printf_s                                0x00000000   Number         0  stubs.o ABSOLUTE
    _printf_sizespec                         0x00000000   Number         0  stubs.o ABSOLUTE
    _printf_str                              0x00000000   Number         0  stubs.o ABSOLUTE
    _printf_truncate_signed                  0x00000000   Number         0  stubs.o ABSOLUTE
    _printf_truncate_unsigned                0x00000000   Number         0  stubs.o ABSOLUTE
    _printf_u                                0x00000000   Number         0  stubs.o ABSOLUTE
    _printf_wc                               0x00000000   Number         0  stubs.o ABSOLUTE
    _printf_wctomb                           0x00000000   Number         0  stubs.o ABSOLUTE
    _printf_widthprec                        0x00000000   Number         0  stubs.o ABSOLUTE
    _printf_x                                0x00000000   Number         0  stubs.o ABSOLUTE
    __cpp_initialize__aeabi_                  - Undefined Weak Reference
    __cxa_finalize                            - Undefined Weak Reference
    __decompress                              - Undefined Weak Reference
    _clock_init                               - Undefined Weak Reference
    _microlib_exit                            - Undefined Weak Reference
    __Vectors_Size                           0x00000194   Number         0  startup_stm32f401xc.o ABSOLUTE
    __Vectors                                0x08000000   Data           4  startup_stm32f401xc.o(RESET)
    __Vectors_End                            0x08000194   Data           0  startup_stm32f401xc.o(RESET)
    __main                                   0x08000195   Thumb Code     0  entry.o(.ARM.Collect$$$$00000000)
    _main_stk                                0x08000195   Thumb Code     0  entry2.o(.ARM.Collect$$$$00000001)
    _main_scatterload                        0x08000199   Thumb Code     0  entry5.o(.ARM.Collect$$$$00000004)
    __main_after_scatterload                 0x0800019d   Thumb Code     0  entry5.o(.ARM.Collect$$$$00000004)
    _main_clock                              0x0800019d   Thumb Code     0  entry7b.o(.ARM.Collect$$$$00000008)
    _main_cpp_init                           0x0800019d   Thumb Code     0  entry8b.o(.ARM.Collect$$$$0000000A)
    _main_init                               0x0800019d   Thumb Code     0  entry9a.o(.ARM.Collect$$$$0000000B)
    __rt_final_cpp                           0x080001a5   Thumb Code     0  entry10a.o(.ARM.Collect$$$$0000000D)
    __rt_final_exit                          0x080001a5   Thumb Code     0  entry11a.o(.ARM.Collect$$$$0000000F)
    Reset_Handler                            0x080001a9   Thumb Code     8  startup_stm32f401xc.o(.text)
    ADC_IRQHandler                           0x080001c3   Thumb Code     0  startup_stm32f401xc.o(.text)
    DMA1_Stream0_IRQHandler                  0x080001c3   Thumb Code     0  startup_stm32f401xc.o(.text)
    DMA1_Stream1_IRQHandler                  0x080001c3   Thumb Code     0  startup_stm32f401xc.o(.text)
    DMA1_Stream2_IRQHandler                  0x080001c3   Thumb Code     0  startup_stm32f401xc.o(.text)
    DMA1_Stream3_IRQHandler                  0x080001c3   Thumb Code     0  startup_stm32f401xc.o(.text)
    DMA1_Stream4_IRQHandler                  0x080001c3   Thumb Code     0  startup_stm32f401xc.o(.text)
    DMA1_Stream5_IRQHandler                  0x080001c3   Thumb Code     0  startup_stm32f401xc.o(.text)
    DMA1_Stream6_IRQHandler                  0x080001c3   Thumb Code     0  startup_stm32f401xc.o(.text)
    DMA1_Stream7_IRQHandler                  0x080001c3   Thumb Code     0  startup_stm32f401xc.o(.text)
    DMA2_Stream0_IRQHandler                  0x080001c3   Thumb Code     0  startup_stm32f401xc.o(.text)
    DMA2_Stream1_IRQHandler                  0x080001c3   Thumb Code     0  startup_stm32f401xc.o(.text)
    DMA2_Stream2_IRQHandler                  0x080001c3   Thumb Code     0  startup_stm32f401xc.o(.text)
    DMA2_Stream3_IRQHandler                  0x080001c3   Thumb Code     0  startup_stm32f401xc.o(.text)
    DMA2_Stream4_IRQHandler                  0x080001c3   Thumb Code     0  startup_stm32f401xc.o(.text)
    DMA2_Stream5_IRQHandler                  0x080001c3   Thumb Code     0  startup_stm32f401xc.o(.text)
    DMA2_Stream6_IRQHandler                  0x080001c3   Thumb Code     0  startup_stm32f401xc.o(.text)
    DMA2_Stream7_IRQHandler                  0x080001c3   Thumb Code     0  startup_stm32f401xc.o(.text)
    EXTI0_IRQHandler                         0x080001c3   Thumb Code     0  startup_stm32f401xc.o(.text)
    EXTI1_IRQHandler                         0x080001c3   Thumb Code     0  startup_stm32f401xc.o(.text)
    EXTI2_IRQHandler                         0x080001c3   Thumb Code     0  startup_stm32f401xc.o(.text)
    EXTI3_IRQHandler                         0x080001c3   Thumb Code     0  startup_stm32f401xc.o(.text)
    EXTI4_IRQHandler                         0x080001c3   Thumb Code     0  startup_stm32f401xc.o(.text)
    EXTI9_5_IRQHandler                       0x080001c3   Thumb Code     0  startup_stm32f401xc.o(.text)
    FLASH_IRQHandler                         0x080001c3   Thumb Code     0  startup_stm32f401xc.o(.text)
    FPU_IRQHandler                           0x080001c3   Thumb Code     0  startup_stm32f401xc.o(.text)
    I2C1_ER_IRQHandler                       0x080001c3   Thumb Code     0  startup_stm32f401xc.o(.text)
    I2C1_EV_IRQHandler                       0x080001c3   Thumb Code     0  startup_stm32f401xc.o(.text)
    I2C2_ER_IRQHandler                       0x080001c3   Thumb Code     0  startup_stm32f401xc.o(.text)
    I2C2_EV_IRQHandler                       0x080001c3   Thumb Code     0  startup_stm32f401xc.o(.text)
    I2C3_ER_IRQHandler                       0x080001c3   Thumb Code     0  startup_stm32f401xc.o(.text)
    I2C3_EV_IRQHandler                       0x080001c3   Thumb Code     0  startup_stm32f401xc.o(.text)
    OTG_FS_IRQHandler                        0x080001c3   Thumb Code     0  startup_stm32f401xc.o(.text)
    OTG_FS_WKUP_IRQHandler                   0x080001c3   Thumb Code     0  startup_stm32f401xc.o(.text)
    PVD_IRQHandler                           0x080001c3   Thumb Code     0  startup_stm32f401xc.o(.text)
    RCC_IRQHandler                           0x080001c3   Thumb Code     0  startup_stm32f401xc.o(.text)
    RTC_Alarm_IRQHandler                     0x080001c3   Thumb Code     0  startup_stm32f401xc.o(.text)
    RTC_WKUP_IRQHandler                      0x080001c3   Thumb Code     0  startup_stm32f401xc.o(.text)
    SDIO_IRQHandler                          0x080001c3   Thumb Code     0  startup_stm32f401xc.o(.text)
    SPI1_IRQHandler                          0x080001c3   Thumb Code     0  startup_stm32f401xc.o(.text)
    SPI2_IRQHandler                          0x080001c3   Thumb Code     0  startup_stm32f401xc.o(.text)
    SPI3_IRQHandler                          0x080001c3   Thumb Code     0  startup_stm32f401xc.o(.text)
    SPI4_IRQHandler                          0x080001c3   Thumb Code     0  startup_stm32f401xc.o(.text)
    TAMP_STAMP_IRQHandler                    0x080001c3   Thumb Code     0  startup_stm32f401xc.o(.text)
    TIM1_CC_IRQHandler                       0x080001c3   Thumb Code     0  startup_stm32f401xc.o(.text)
    TIM1_TRG_COM_TIM11_IRQHandler            0x080001c3   Thumb Code     0  startup_stm32f401xc.o(.text)
    TIM2_IRQHandler                          0x080001c3   Thumb Code     0  startup_stm32f401xc.o(.text)
    TIM3_IRQHandler                          0x080001c3   Thumb Code     0  startup_stm32f401xc.o(.text)
    TIM4_IRQHandler                          0x080001c3   Thumb Code     0  startup_stm32f401xc.o(.text)
    TIM5_IRQHandler                          0x080001c3   Thumb Code     0  startup_stm32f401xc.o(.text)
    WWDG_IRQHandler                          0x080001c3   Thumb Code     0  startup_stm32f401xc.o(.text)
    __aeabi_uldivmod                         0x080001cd   Thumb Code    98  uldiv.o(.text)
    __aeabi_memset                           0x0800022f   Thumb Code    14  memseta.o(.text)
    __aeabi_memset4                          0x0800022f   Thumb Code     0  memseta.o(.text)
    __aeabi_memset8                          0x0800022f   Thumb Code     0  memseta.o(.text)
    __aeabi_memclr                           0x0800023d   Thumb Code     4  memseta.o(.text)
    __aeabi_memclr4                          0x0800023d   Thumb Code     0  memseta.o(.text)
    __aeabi_memclr8                          0x0800023d   Thumb Code     0  memseta.o(.text)
    _memset$wrapper                          0x08000241   Thumb Code    18  memseta.o(.text)
    __aeabi_dadd                             0x08000253   Thumb Code   322  dadd.o(.text)
    __aeabi_dsub                             0x08000395   Thumb Code     6  dadd.o(.text)
    __aeabi_drsub                            0x0800039b   Thumb Code     6  dadd.o(.text)
    __aeabi_dmul                             0x080003a1   Thumb Code   228  dmul.o(.text)
    __aeabi_ddiv                             0x08000485   Thumb Code   222  ddiv.o(.text)
    __aeabi_uidiv                            0x08000563   Thumb Code     0  uidiv.o(.text)
    __aeabi_uidivmod                         0x08000563   Thumb Code    44  uidiv.o(.text)
    __aeabi_llsl                             0x0800058f   Thumb Code    30  llshl.o(.text)
    _ll_shift_l                              0x0800058f   Thumb Code     0  llshl.o(.text)
    __aeabi_llsr                             0x080005ad   Thumb Code    32  llushr.o(.text)
    _ll_ushift_r                             0x080005ad   Thumb Code     0  llushr.o(.text)
    __aeabi_lasr                             0x080005cd   Thumb Code    36  llsshr.o(.text)
    _ll_sshift_r                             0x080005cd   Thumb Code     0  llsshr.o(.text)
    __I$use$fp                               0x080005f1   Thumb Code     0  iusefp.o(.text)
    _double_round                            0x080005f1   Thumb Code    30  depilogue.o(.text)
    _double_epilogue                         0x0800060f   Thumb Code   156  depilogue.o(.text)
    __aeabi_d2ulz                            0x080006ab   Thumb Code    48  dfixul.o(.text)
    __aeabi_cdrcmple                         0x080006dd   Thumb Code    48  cdrcmple.o(.text)
    __scatterload                            0x0800070d   Thumb Code    28  init.o(.text)
    __scatterload_rt2                        0x0800070d   Thumb Code     0  init.o(.text)
    BusFault_Handler                         0x08000731   Thumb Code     2  stm32f4xx_it.o(.text.BusFault_Handler)
    DebugMon_Handler                         0x08000733   Thumb Code     2  stm32f4xx_it.o(.text.DebugMon_Handler)
    EXTI15_10_IRQHandler                     0x08000735   Thumb Code    22  stm32f4xx_it.o(.text.EXTI15_10_IRQHandler)
    Error_Handler                            0x0800074b   Thumb Code     4  main.o(.text.Error_Handler)
    Find                                     0x08000751   Thumb Code    40  main.o(.text.Find)
    Find_Line_Begins                         0x08000779   Thumb Code   456  fine_line.o(.text.Find_Line_Begins)
    Get_Track_Dates                          0x0800093d   Thumb Code   160  fine_line.o(.text.Get_Track_Dates)
    Get_Track_Errors                         0x080009dd   Thumb Code   164  fine_line.o(.text.Get_Track_Errors)
    HAL_DMA_Abort                            0x08000a81   Thumb Code   132  stm32f4xx_hal_dma.o(.text.HAL_DMA_Abort)
    HAL_DMA_Abort_IT                         0x08000b05   Thumb Code    36  stm32f4xx_hal_dma.o(.text.HAL_DMA_Abort_IT)
    HAL_Delay                                0x08000b29   Thumb Code    44  stm32f4xx_hal.o(.text.HAL_Delay)
    HAL_GPIO_EXTI_Callback                   0x08000b51   Thumb Code    52  encoder.o(.text.HAL_GPIO_EXTI_Callback)
    HAL_GPIO_EXTI_IRQHandler                 0x08000b85   Thumb Code    20  stm32f4xx_hal_gpio.o(.text.HAL_GPIO_EXTI_IRQHandler)
    HAL_GPIO_Init                            0x08000b99   Thumb Code   400  stm32f4xx_hal_gpio.o(.text.HAL_GPIO_Init)
    HAL_GPIO_ReadPin                         0x08000d29   Thumb Code    10  stm32f4xx_hal_gpio.o(.text.HAL_GPIO_ReadPin)
    HAL_GPIO_WritePin                        0x08000d33   Thumb Code    10  stm32f4xx_hal_gpio.o(.text.HAL_GPIO_WritePin)
    HAL_GetTick                              0x08000d3d   Thumb Code    12  stm32f4xx_hal.o(.text.HAL_GetTick)
    HAL_IncTick                              0x08000d45   Thumb Code    16  stm32f4xx_hal.o(.text.HAL_IncTick)
    HAL_Init                                 0x08000d51   Thumb Code    52  stm32f4xx_hal.o(.text.HAL_Init)
    HAL_InitTick                             0x08000d85   Thumb Code    64  stm32f4xx_hal.o(.text.HAL_InitTick)
    HAL_MspInit                              0x08000dc1   Thumb Code    56  stm32f4xx_hal_msp.o(.text.HAL_MspInit)
    HAL_NVIC_EnableIRQ                       0x08000df9   Thumb Code    28  stm32f4xx_hal_cortex.o(.text.HAL_NVIC_EnableIRQ)
    HAL_NVIC_SetPriority                     0x08000e15   Thumb Code    92  stm32f4xx_hal_cortex.o(.text.HAL_NVIC_SetPriority)
    HAL_NVIC_SetPriorityGrouping             0x08000e6d   Thumb Code    32  stm32f4xx_hal_cortex.o(.text.HAL_NVIC_SetPriorityGrouping)
    HAL_RCC_ClockConfig                      0x08000e8d   Thumb Code   304  stm32f4xx_hal_rcc.o(.text.HAL_RCC_ClockConfig)
    HAL_RCC_GetPCLK1Freq                     0x08000fb9   Thumb Code    32  stm32f4xx_hal_rcc.o(.text.HAL_RCC_GetPCLK1Freq)
    HAL_RCC_GetPCLK2Freq                     0x08000fcd   Thumb Code    32  stm32f4xx_hal_rcc.o(.text.HAL_RCC_GetPCLK2Freq)
    HAL_RCC_GetSysClockFreq                  0x08000fed   Thumb Code   100  stm32f4xx_hal_rcc.o(.text.HAL_RCC_GetSysClockFreq)
    HAL_RCC_OscConfig                        0x0800104d   Thumb Code   884  stm32f4xx_hal_rcc.o(.text.HAL_RCC_OscConfig)
    HAL_SYSTICK_Config                       0x080013c1   Thumb Code    40  stm32f4xx_hal_cortex.o(.text.HAL_SYSTICK_Config)
    HAL_TIMEx_BreakCallback                  0x080013e9   Thumb Code     2  stm32f4xx_hal_tim_ex.o(.text.HAL_TIMEx_BreakCallback)
    HAL_TIMEx_CommutCallback                 0x080013eb   Thumb Code     2  stm32f4xx_hal_tim_ex.o(.text.HAL_TIMEx_CommutCallback)
    HAL_TIMEx_ConfigBreakDeadTime            0x080013ed   Thumb Code    80  stm32f4xx_hal_tim_ex.o(.text.HAL_TIMEx_ConfigBreakDeadTime)
    HAL_TIMEx_MasterConfigSynchronization    0x0800143d   Thumb Code   132  stm32f4xx_hal_tim_ex.o(.text.HAL_TIMEx_MasterConfigSynchronization)
    HAL_TIM_Base_Init                        0x080014ad   Thumb Code    88  stm32f4xx_hal_tim.o(.text.HAL_TIM_Base_Init)
    HAL_TIM_Base_MspInit                     0x08001505   Thumb Code   284  tim.o(.text.HAL_TIM_Base_MspInit)
    HAL_TIM_Base_Start                       0x08001611   Thumb Code   100  stm32f4xx_hal_tim.o(.text.HAL_TIM_Base_Start)
    HAL_TIM_Base_Start_IT                    0x08001661   Thumb Code   108  stm32f4xx_hal_tim.o(.text.HAL_TIM_Base_Start_IT)
    HAL_TIM_ConfigClockSource                0x080016cd   Thumb Code   248  stm32f4xx_hal_tim.o(.text.HAL_TIM_ConfigClockSource)
    HAL_TIM_IC_CaptureCallback               0x080017c5   Thumb Code     2  stm32f4xx_hal_tim.o(.text.HAL_TIM_IC_CaptureCallback)
    HAL_TIM_IC_ConfigChannel                 0x080017c9   Thumb Code   240  stm32f4xx_hal_tim.o(.text.HAL_TIM_IC_ConfigChannel)
    HAL_TIM_IC_Init                          0x080018b9   Thumb Code    88  stm32f4xx_hal_tim.o(.text.HAL_TIM_IC_Init)
    HAL_TIM_IC_MspInit                       0x08001911   Thumb Code     2  stm32f4xx_hal_tim.o(.text.HAL_TIM_IC_MspInit)
    HAL_TIM_IRQHandler                       0x08001913   Thumb Code   282  stm32f4xx_hal_tim.o(.text.HAL_TIM_IRQHandler)
    HAL_TIM_MspPostInit                      0x08001a2d   Thumb Code   176  tim.o(.text.HAL_TIM_MspPostInit)
    HAL_TIM_OC_DelayElapsedCallback          0x08001ad1   Thumb Code     2  stm32f4xx_hal_tim.o(.text.HAL_TIM_OC_DelayElapsedCallback)
    HAL_TIM_PWM_ConfigChannel                0x08001ad5   Thumb Code   154  stm32f4xx_hal_tim.o(.text.HAL_TIM_PWM_ConfigChannel)
    HAL_TIM_PWM_Init                         0x08001b6f   Thumb Code    88  stm32f4xx_hal_tim.o(.text.HAL_TIM_PWM_Init)
    HAL_TIM_PWM_MspInit                      0x08001bc7   Thumb Code     2  stm32f4xx_hal_tim.o(.text.HAL_TIM_PWM_MspInit)
    HAL_TIM_PWM_PulseFinishedCallback        0x08001bc9   Thumb Code     2  stm32f4xx_hal_tim.o(.text.HAL_TIM_PWM_PulseFinishedCallback)
    HAL_TIM_PWM_Start                        0x08001bcd   Thumb Code   188  stm32f4xx_hal_tim.o(.text.HAL_TIM_PWM_Start)
    HAL_TIM_PeriodElapsedCallback            0x08001c89   Thumb Code   180  encoder.o(.text.HAL_TIM_PeriodElapsedCallback)
    HAL_TIM_TriggerCallback                  0x08001d3d   Thumb Code     2  stm32f4xx_hal_tim.o(.text.HAL_TIM_TriggerCallback)
    HAL_UARTEx_RxEventCallback               0x08001d3f   Thumb Code     2  stm32f4xx_hal_uart.o(.text.HAL_UARTEx_RxEventCallback)
    HAL_UART_ErrorCallback                   0x08001d41   Thumb Code     2  stm32f4xx_hal_uart.o(.text.HAL_UART_ErrorCallback)
    HAL_UART_IRQHandler                      0x08001d45   Thumb Code   676  stm32f4xx_hal_uart.o(.text.HAL_UART_IRQHandler)
    HAL_UART_Init                            0x08001fe9   Thumb Code    94  stm32f4xx_hal_uart.o(.text.HAL_UART_Init)
    HAL_UART_MspInit                         0x08002049   Thumb Code   312  usart.o(.text.HAL_UART_MspInit)
    HAL_UART_Receive_IT                      0x0800217d   Thumb Code    32  stm32f4xx_hal_uart.o(.text.HAL_UART_Receive_IT)
    HAL_UART_RxCpltCallback                  0x0800219d   Thumb Code   196  usart.o(.text.HAL_UART_RxCpltCallback)
    HAL_UART_Transmit                        0x08002261   Thumb Code   174  stm32f4xx_hal_uart.o(.text.HAL_UART_Transmit)
    HAL_UART_TxCpltCallback                  0x0800230f   Thumb Code     2  stm32f4xx_hal_uart.o(.text.HAL_UART_TxCpltCallback)
    HardFault_Handler                        0x08002311   Thumb Code     2  stm32f4xx_it.o(.text.HardFault_Handler)
    IIC_Start                                0x08002315   Thumb Code    60  oled.o(.text.IIC_Start)
    IIC_Stop                                 0x08002349   Thumb Code    52  oled.o(.text.IIC_Stop)
    IIC_Wait_Ack                             0x08002375   Thumb Code    36  oled.o(.text.IIC_Wait_Ack)
    LoadOrNot                                0x08002395   Thumb Code   104  main.o(.text.LoadOrNot)
    MX_GPIO_Init                             0x080023fd   Thumb Code   392  gpio.o(.text.MX_GPIO_Init)
    MX_TIM10_Init                            0x08002585   Thumb Code    52  tim.o(.text.MX_TIM10_Init)
    MX_TIM1_Init                             0x080025b9   Thumb Code   220  tim.o(.text.MX_TIM1_Init)
    MX_TIM3_Init                             0x08002695   Thumb Code   208  tim.o(.text.MX_TIM3_Init)
    MX_TIM4_Init                             0x08002765   Thumb Code   212  tim.o(.text.MX_TIM4_Init)
    MX_TIM9_Init                             0x08002839   Thumb Code    84  tim.o(.text.MX_TIM9_Init)
    MX_USART1_UART_Init                      0x0800288d   Thumb Code    56  usart.o(.text.MX_USART1_UART_Init)
    MX_USART2_UART_Init                      0x080028c5   Thumb Code    56  usart.o(.text.MX_USART2_UART_Init)
    MX_USART6_UART_Init                      0x080028fd   Thumb Code    88  usart.o(.text.MX_USART6_UART_Init)
    MemManage_Handler                        0x08002955   Thumb Code     2  stm32f4xx_it.o(.text.MemManage_Handler)
    Moto_back_run                            0x08002959   Thumb Code    60  moto_control.o(.text.Moto_back_run)
    Moto_forward_run                         0x0800298d   Thumb Code    60  moto_control.o(.text.Moto_forward_run)
    Moto_stop                                0x080029c1   Thumb Code    60  moto_control.o(.text.Moto_stop)
    Moto_turn_left                           0x080029f5   Thumb Code    60  moto_control.o(.text.Moto_turn_left)
    Moto_turn_right                          0x08002a29   Thumb Code    60  moto_control.o(.text.Moto_turn_right)
    NMI_Handler                              0x08002a65   Thumb Code     2  stm32f4xx_it.o(.text.NMI_Handler)
    OLED_Clear                               0x08002a69   Thumb Code    56  oled.o(.text.OLED_Clear)
    OLED_Init                                0x08002a9d   Thumb Code   140  oled.o(.text.OLED_Init)
    OLED_Set_Pos                             0x08002b25   Thumb Code    40  oled.o(.text.OLED_Set_Pos)
    OLED_ShowChar                            0x08002b4d   Thumb Code   148  oled.o(.text.OLED_ShowChar)
    OLED_ShowNum                             0x08002be1   Thumb Code   144  oled.o(.text.OLED_ShowNum)
    OLED_ShowNumber                          0x08002c71   Thumb Code   144  oled.o(.text.OLED_ShowNumber)
    OLED_ShowString                          0x08002d01   Thumb Code    66  oled.o(.text.OLED_ShowString)
    Openmv_Receive_Data                      0x08002d45   Thumb Code   232  usart.o(.text.Openmv_Receive_Data)
    PendSV_Handler                           0x08002e29   Thumb Code     2  stm32f4xx_it.o(.text.PendSV_Handler)
    Position_PID                             0x08002e2d   Thumb Code    72  fine_line.o(.text.Position_PID)
    SVC_Handler                              0x08002e75   Thumb Code     2  stm32f4xx_it.o(.text.SVC_Handler)
    SendDataToOpenmv                         0x08002e79   Thumb Code   112  usart.o(.text.SendDataToOpenmv)
    SetTargetRoom                            0x08002ee9   Thumb Code    88  usart.o(.text.SetTargetRoom)
    SysTick_Handler                          0x08002f41   Thumb Code     4  stm32f4xx_it.o(.text.SysTick_Handler)
    SystemClock_Config                       0x08002f45   Thumb Code   152  main.o(.text.SystemClock_Config)
    SystemInit                               0x08002fdd   Thumb Code    16  system_stm32f4xx.o(.text.SystemInit)
    TIM1_BRK_TIM9_IRQHandler                 0x08002fed   Thumb Code    28  stm32f4xx_it.o(.text.TIM1_BRK_TIM9_IRQHandler)
    TIM1_UP_TIM10_IRQHandler                 0x08003005   Thumb Code    28  stm32f4xx_it.o(.text.TIM1_UP_TIM10_IRQHandler)
    TIM_Base_SetConfig                       0x08003021   Thumb Code   180  stm32f4xx_hal_tim.o(.text.TIM_Base_SetConfig)
    TIM_OC2_SetConfig                        0x08003119   Thumb Code   100  stm32f4xx_hal_tim.o(.text.TIM_OC2_SetConfig)
    TIM_TI1_SetConfig                        0x08003245   Thumb Code   112  stm32f4xx_hal_tim.o(.text.TIM_TI1_SetConfig)
    UART_Start_Receive_IT                    0x08003505   Thumb Code    50  stm32f4xx_hal_uart.o(.text.UART_Start_Receive_IT)
    USART1_IRQHandler                        0x080035a9   Thumb Code    12  stm32f4xx_it.o(.text.USART1_IRQHandler)
    USART2_IRQHandler                        0x080035b5   Thumb Code    12  stm32f4xx_it.o(.text.USART2_IRQHandler)
    USART6_IRQHandler                        0x080035c1   Thumb Code    12  stm32f4xx_it.o(.text.USART6_IRQHandler)
    UsageFault_Handler                       0x080035cd   Thumb Code     2  stm32f4xx_it.o(.text.UsageFault_Handler)
    Write_IIC_Byte                           0x080035d1   Thumb Code    84  oled.o(.text.Write_IIC_Byte)
    Write_IIC_Command                        0x08003625   Thumb Code    48  oled.o(.text.Write_IIC_Command)
    Write_IIC_Data                           0x0800364d   Thumb Code    48  oled.o(.text.Write_IIC_Data)
    hhSerialSendByte                         0x0800367d   Thumb Code    32  usart.o(.text.hhSerialSendByte)
    main                                     0x0800369d   Thumb Code  3244  main.o(.text.main)
    moto_control_l                           0x0800433d   Thumb Code   152  moto_control.o(.text.moto_control_l)
    moto_control_r                           0x080043d5   Thumb Code   152  moto_control.o(.text.moto_control_r)
    oled_show                                0x0800446d   Thumb Code   140  oled.o(.text.oled_show)
    spin_Turn                                0x080044f9   Thumb Code   228  main.o(.text.spin_Turn)
    __0sprintf                               0x080045dd   Thumb Code    34  printfa.o(i.__0sprintf)
    __1sprintf                               0x080045dd   Thumb Code     0  printfa.o(i.__0sprintf)
    __2sprintf                               0x080045dd   Thumb Code     0  printfa.o(i.__0sprintf)
    __c89sprintf                             0x080045dd   Thumb Code     0  printfa.o(i.__0sprintf)
    sprintf                                  0x080045dd   Thumb Code     0  printfa.o(i.__0sprintf)
    __scatterload_copy                       0x08004605   Thumb Code    14  handlers.o(i.__scatterload_copy)
    __scatterload_null                       0x08004613   Thumb Code     2  handlers.o(i.__scatterload_null)
    __scatterload_zeroinit                   0x08004615   Thumb Code    14  handlers.o(i.__scatterload_zeroinit)
    AHBPrescTable                            0x08004ee0   Data          16  system_stm32f4xx.o(.rodata.AHBPrescTable)
    APBPrescTable                            0x08004ef0   Data           8  system_stm32f4xx.o(.rodata.APBPrescTable)
    F6x8                                     0x08004ef8   Data         552  oled.o(.rodata.F6x8)
    F8X16                                    0x08005120   Data        1520  oled.o(.rodata.F8X16)
    Region$$Table$$Base                      0x08005710   Number         0  anon$$obj.o(Region$$Table)
    Region$$Table$$Limit                     0x08005730   Number         0  anon$$obj.o(Region$$Table)
    Do_count                                 0x20000000   Data           1  main.o(.data..L_MergedGlobals)
    Do2_count                                0x20000001   Data           1  main.o(.data..L_MergedGlobals)
    car_speed_l                              0x20000002   Data           1  main.o(.data..L_MergedGlobals)
    car_speed_r                              0x20000003   Data           1  main.o(.data..L_MergedGlobals)
    Time_temp                                0x20000004   Data           1  main.o(.data..L_MergedGlobals)
    Far_Back_Flag                            0x20000005   Data           1  main.o(.data..L_MergedGlobals)
    Spin_succeed_flag                        0x20000006   Data           1  main.o(.data..L_MergedGlobals)
    Load_flag                                0x20000007   Data           1  main.o(.data..L_MergedGlobals)
    Load_mode                                0x20000008   Data           1  main.o(.data..L_MergedGlobals)
    Stop_Flag                                0x20000009   Data           1  main.o(.data..L_MergedGlobals)
    Spin_start_flag                          0x2000000a   Data           1  main.o(.data..L_MergedGlobals)
    NotLoadCount                             0x2000000b   Data           1  main.o(.data..L_MergedGlobals)
    LoadCount                                0x2000000c   Data           1  main.o(.data..L_MergedGlobals)
    SendTime                                 0x2000000e   Data           2  main.o(.data..L_MergedGlobals)
    Turn                                     0x20000010   Data           4  main.o(.data..L_MergedGlobals)
    Num                                      0x20000020   Data           1  usart.o(.data..L_MergedGlobals)
    LoR                                      0x20000021   Data           1  usart.o(.data..L_MergedGlobals)
    Finded_flag                              0x20000022   Data           1  usart.o(.data..L_MergedGlobals)
    FindTask                                 0x20000023   Data           1  usart.o(.data..L_MergedGlobals)
    NumCount                                 0x20000024   Data           1  usart.o(.data..L_MergedGlobals)
    TASK                                     0x20000025   Data           1  usart.o(.data..L_MergedGlobals)
    TargetRoom                               0x20000026   Data           1  usart.o(.data..L_MergedGlobals)
    TargetNum                                0x20000027   Data           1  usart.o(.data..L_MergedGlobals)
    RoomNum                                  0x20000028   Data           1  usart.o(.data..L_MergedGlobals)
    LastNum                                  0x20000029   Data           1  usart.o(.data..L_MergedGlobals)
    have                                     0x2000002a   Data           1  usart.o(.data..L_MergedGlobals)
    Openmv_Receive_Buffer                    0x2000002b   Data           1  usart.o(.data..L_MergedGlobals)
    BL_Num                                   0x2000002c   Data           1  usart.o(.data..L_MergedGlobals)
    GetOpenmvDataCount                       0x20000030   Data           4  usart.o(.data..L_MergedGlobals)
    sendBuf                                  0x20000034   Data           4  usart.o(.data..L_MergedGlobals)
    huart2                                   0x20000038   Data          72  usart.o(.data..L_MergedGlobals)
    uwTickFreq                               0x20000080   Data           1  stm32f4xx_hal.o(.data..L_MergedGlobals)
    uwTickPrio                               0x20000084   Data           4  stm32f4xx_hal.o(.data..L_MergedGlobals)
    uwTick                                   0x20000088   Data           4  stm32f4xx_hal.o(.data..L_MergedGlobals)
    lukou_straight                           0x20000090   Data           2  encoder.o(.data..L_MergedGlobals)
    encoder_mlist                            0x20000094   Data          40  encoder.o(.data..L_MergedGlobals)
    intersection                             0x200000c0   Data           1  fine_line.o(.data..L_MergedGlobals)
    L_error                                  0x200000c1   Data           1  fine_line.o(.data..L_MergedGlobals)
    R_error                                  0x200000c2   Data           1  fine_line.o(.data..L_MergedGlobals)
    active_sensors                           0x200000c3   Data           1  fine_line.o(.data..L_MergedGlobals)
    PID_Turn                                 0x200000c4   Data           4  fine_line.o(.data..L_MergedGlobals)
    find_value                               0x200000c8   Data           4  fine_line.o(.data..L_MergedGlobals)
    Track_Dates                              0x200000cc   Data           8  fine_line.o(.data..L_MergedGlobals)
    Sensor_Weights                           0x200000d4   Data          32  fine_line.o(.data..L_MergedGlobals)
    SystemCoreClock                          0x200000f4   Data           4  system_stm32f4xx.o(.data.SystemCoreClock)
    huart1                                   0x20000100   Data          72  usart.o(.bss..L_MergedGlobals.1)
    huart6                                   0x20000160   Data          72  usart.o(.bss..L_MergedGlobals.2)
    Bluetooth_Receive_Buffer                 0x200001c6   Data           1  usart.o(.bss.Bluetooth_Receive_Buffer)
    htim1                                    0x200001c8   Data          72  tim.o(.bss.htim1)
    htim10                                   0x20000210   Data          72  tim.o(.bss.htim10)
    htim3                                    0x20000258   Data          72  tim.o(.bss.htim3)
    htim4                                    0x200002a0   Data          72  tim.o(.bss.htim4)
    htim9                                    0x200002e8   Data          72  tim.o(.bss.htim9)
    __initial_sp                             0x20000738   Data           0  startup_stm32f401xc.o(STACK)



==============================================================================

Memory Map of the image

  Image Entry point : 0x08000195

  Load Region LR_IROM1 (Base: 0x08000000, Size: 0x00005830, Max: 0x00040000, ABSOLUTE)

    Execution Region ER_IROM1 (Exec base: 0x08000000, Load base: 0x08000000, Size: 0x00005730, Max: 0x00040000, ABSOLUTE)

    Exec Addr    Load Addr    Size         Type   Attr      Idx    E Section Name        Object

    0x08000000   0x08000000   0x00000194   Data   RO            3    RESET               startup_stm32f401xc.o
    0x08000194   0x08000194   0x00000000   Code   RO         1296  * .ARM.Collect$$$$00000000  mc_w.l(entry.o)
    0x08000194   0x08000194   0x00000004   Code   RO         1578    .ARM.Collect$$$$00000001  mc_w.l(entry2.o)
    0x08000198   0x08000198   0x00000004   Code   RO         1581    .ARM.Collect$$$$00000004  mc_w.l(entry5.o)
    0x0800019c   0x0800019c   0x00000000   Code   RO         1583    .ARM.Collect$$$$00000008  mc_w.l(entry7b.o)
    0x0800019c   0x0800019c   0x00000000   Code   RO         1585    .ARM.Collect$$$$0000000A  mc_w.l(entry8b.o)
    0x0800019c   0x0800019c   0x00000008   Code   RO         1586    .ARM.Collect$$$$0000000B  mc_w.l(entry9a.o)
    0x080001a4   0x080001a4   0x00000000   Code   RO         1588    .ARM.Collect$$$$0000000D  mc_w.l(entry10a.o)
    0x080001a4   0x080001a4   0x00000000   Code   RO         1590    .ARM.Collect$$$$0000000F  mc_w.l(entry11a.o)
    0x080001a4   0x080001a4   0x00000004   Code   RO         1579    .ARM.Collect$$$$00002712  mc_w.l(entry2.o)
    0x080001a8   0x080001a8   0x00000024   Code   RO            4    .text               startup_stm32f401xc.o
    0x080001cc   0x080001cc   0x00000062   Code   RO         1303    .text               mc_w.l(uldiv.o)
    0x0800022e   0x0800022e   0x00000024   Code   RO         1305    .text               mc_w.l(memseta.o)
    0x08000252   0x08000252   0x0000014e   Code   RO         1568    .text               mf_w.l(dadd.o)
    0x080003a0   0x080003a0   0x000000e4   Code   RO         1570    .text               mf_w.l(dmul.o)
    0x08000484   0x08000484   0x000000de   Code   RO         1572    .text               mf_w.l(ddiv.o)
    0x08000562   0x08000562   0x0000002c   Code   RO         1593    .text               mc_w.l(uidiv.o)
    0x0800058e   0x0800058e   0x0000001e   Code   RO         1595    .text               mc_w.l(llshl.o)
    0x080005ac   0x080005ac   0x00000020   Code   RO         1597    .text               mc_w.l(llushr.o)
    0x080005cc   0x080005cc   0x00000024   Code   RO         1599    .text               mc_w.l(llsshr.o)
    0x080005f0   0x080005f0   0x00000000   Code   RO         1601    .text               mc_w.l(iusefp.o)
    0x080005f0   0x080005f0   0x000000ba   Code   RO         1604    .text               mf_w.l(depilogue.o)
    0x080006aa   0x080006aa   0x00000030   Code   RO         1606    .text               mf_w.l(dfixul.o)
    0x080006da   0x080006da   0x00000002   PAD
    0x080006dc   0x080006dc   0x00000030   Code   RO         1608    .text               mf_w.l(cdrcmple.o)
    0x0800070c   0x0800070c   0x00000024   Code   RO         1610    .text               mc_w.l(init.o)
    0x08000730   0x08000730   0x00000002   Code   RO          132    .text.BusFault_Handler  stm32f4xx_it.o
    0x08000732   0x08000732   0x00000002   Code   RO          138    .text.DebugMon_Handler  stm32f4xx_it.o
    0x08000734   0x08000734   0x00000016   Code   RO          152    .text.EXTI15_10_IRQHandler  stm32f4xx_it.o
    0x0800074a   0x0800074a   0x00000004   Code   RO           21    .text.Error_Handler  main.o
    0x0800074e   0x0800074e   0x00000002   PAD
    0x08000750   0x08000750   0x00000028   Code   RO           17    .text.Find          main.o
    0x08000778   0x08000778   0x000001c4   Code   RO         1265    .text.Find_Line_Begins  fine_line.o
    0x0800093c   0x0800093c   0x000000a0   Code   RO         1261    .text.Get_Track_Dates  fine_line.o
    0x080009dc   0x080009dc   0x000000a4   Code   RO         1263    .text.Get_Track_Errors  fine_line.o
    0x08000a80   0x08000a80   0x00000084   Code   RO          718    .text.HAL_DMA_Abort  stm32f4xx_hal_dma.o
    0x08000b04   0x08000b04   0x00000024   Code   RO          720    .text.HAL_DMA_Abort_IT  stm32f4xx_hal_dma.o
    0x08000b28   0x08000b28   0x00000028   Code   RO          890    .text.HAL_Delay     stm32f4xx_hal.o
    0x08000b50   0x08000b50   0x00000034   Code   RO         1114    .text.HAL_GPIO_EXTI_Callback  encoder.o
    0x08000b84   0x08000b84   0x00000014   Code   RO          676    .text.HAL_GPIO_EXTI_IRQHandler  stm32f4xx_hal_gpio.o
    0x08000b98   0x08000b98   0x00000190   Code   RO          664    .text.HAL_GPIO_Init  stm32f4xx_hal_gpio.o
    0x08000d28   0x08000d28   0x0000000a   Code   RO          668    .text.HAL_GPIO_ReadPin  stm32f4xx_hal_gpio.o
    0x08000d32   0x08000d32   0x0000000a   Code   RO          670    .text.HAL_GPIO_WritePin  stm32f4xx_hal_gpio.o
    0x08000d3c   0x08000d3c   0x00000008   Code   RO          882    .text.HAL_GetTick   stm32f4xx_hal.o
    0x08000d44   0x08000d44   0x0000000c   Code   RO          880    .text.HAL_IncTick   stm32f4xx_hal.o
    0x08000d50   0x08000d50   0x00000034   Code   RO          870    .text.HAL_Init      stm32f4xx_hal.o
    0x08000d84   0x08000d84   0x0000003c   Code   RO          872    .text.HAL_InitTick  stm32f4xx_hal.o
    0x08000dc0   0x08000dc0   0x00000038   Code   RO          167    .text.HAL_MspInit   stm32f4xx_hal_msp.o
    0x08000df8   0x08000df8   0x0000001c   Code   RO          825    .text.HAL_NVIC_EnableIRQ  stm32f4xx_hal_cortex.o
    0x08000e14   0x08000e14   0x00000058   Code   RO          823    .text.HAL_NVIC_SetPriority  stm32f4xx_hal_cortex.o
    0x08000e6c   0x08000e6c   0x00000020   Code   RO          821    .text.HAL_NVIC_SetPriorityGrouping  stm32f4xx_hal_cortex.o
    0x08000e8c   0x08000e8c   0x0000012c   Code   RO          521    .text.HAL_RCC_ClockConfig  stm32f4xx_hal_rcc.o
    0x08000fb8   0x08000fb8   0x00000014   Code   RO          533    .text.HAL_RCC_GetPCLK1Freq  stm32f4xx_hal_rcc.o
    0x08000fcc   0x08000fcc   0x00000020   Code   RO          535    .text.HAL_RCC_GetPCLK2Freq  stm32f4xx_hal_rcc.o
    0x08000fec   0x08000fec   0x00000060   Code   RO          523    .text.HAL_RCC_GetSysClockFreq  stm32f4xx_hal_rcc.o
    0x0800104c   0x0800104c   0x00000374   Code   RO          519    .text.HAL_RCC_OscConfig  stm32f4xx_hal_rcc.o
    0x080013c0   0x080013c0   0x00000028   Code   RO          831    .text.HAL_SYSTICK_Config  stm32f4xx_hal_cortex.o
    0x080013e8   0x080013e8   0x00000002   Code   RO          500    .text.HAL_TIMEx_BreakCallback  stm32f4xx_hal_tim_ex.o
    0x080013ea   0x080013ea   0x00000002   Code   RO          496    .text.HAL_TIMEx_CommutCallback  stm32f4xx_hal_tim_ex.o
    0x080013ec   0x080013ec   0x00000050   Code   RO          492    .text.HAL_TIMEx_ConfigBreakDeadTime  stm32f4xx_hal_tim_ex.o
    0x0800143c   0x0800143c   0x00000070   Code   RO          490    .text.HAL_TIMEx_MasterConfigSynchronization  stm32f4xx_hal_tim_ex.o
    0x080014ac   0x080014ac   0x00000058   Code   RO          180    .text.HAL_TIM_Base_Init  stm32f4xx_hal_tim.o
    0x08001504   0x08001504   0x0000010c   Code   RO           67    .text.HAL_TIM_Base_MspInit  tim.o
    0x08001610   0x08001610   0x00000050   Code   RO          190    .text.HAL_TIM_Base_Start  stm32f4xx_hal_tim.o
    0x08001660   0x08001660   0x0000006c   Code   RO          194    .text.HAL_TIM_Base_Start_IT  stm32f4xx_hal_tim.o
    0x080016cc   0x080016cc   0x000000f8   Code   RO          368    .text.HAL_TIM_ConfigClockSource  stm32f4xx_hal_tim.o
    0x080017c4   0x080017c4   0x00000002   Code   RO          316    .text.HAL_TIM_IC_CaptureCallback  stm32f4xx_hal_tim.o
    0x080017c6   0x080017c6   0x00000002   PAD
    0x080017c8   0x080017c8   0x000000f0   Code   RO          336    .text.HAL_TIM_IC_ConfigChannel  stm32f4xx_hal_tim.o
    0x080018b8   0x080018b8   0x00000058   Code   RO          254    .text.HAL_TIM_IC_Init  stm32f4xx_hal_tim.o
    0x08001910   0x08001910   0x00000002   Code   RO          256    .text.HAL_TIM_IC_MspInit  stm32f4xx_hal_tim.o
    0x08001912   0x08001912   0x0000011a   Code   RO          314    .text.HAL_TIM_IRQHandler  stm32f4xx_hal_tim.o
    0x08001a2c   0x08001a2c   0x000000a4   Code   RO           57    .text.HAL_TIM_MspPostInit  tim.o
    0x08001ad0   0x08001ad0   0x00000002   Code   RO          318    .text.HAL_TIM_OC_DelayElapsedCallback  stm32f4xx_hal_tim.o
    0x08001ad2   0x08001ad2   0x00000002   PAD
    0x08001ad4   0x08001ad4   0x0000009a   Code   RO          342    .text.HAL_TIM_PWM_ConfigChannel  stm32f4xx_hal_tim.o
    0x08001b6e   0x08001b6e   0x00000058   Code   RO          234    .text.HAL_TIM_PWM_Init  stm32f4xx_hal_tim.o
    0x08001bc6   0x08001bc6   0x00000002   Code   RO          236    .text.HAL_TIM_PWM_MspInit  stm32f4xx_hal_tim.o
    0x08001bc8   0x08001bc8   0x00000002   Code   RO          320    .text.HAL_TIM_PWM_PulseFinishedCallback  stm32f4xx_hal_tim.o
    0x08001bca   0x08001bca   0x00000002   PAD
    0x08001bcc   0x08001bcc   0x000000bc   Code   RO          242    .text.HAL_TIM_PWM_Start  stm32f4xx_hal_tim.o
    0x08001c88   0x08001c88   0x000000b4   Code   RO         1116    .text.HAL_TIM_PeriodElapsedCallback  encoder.o
    0x08001d3c   0x08001d3c   0x00000002   Code   RO          324    .text.HAL_TIM_TriggerCallback  stm32f4xx_hal_tim.o
    0x08001d3e   0x08001d3e   0x00000002   Code   RO         1057    .text.HAL_UARTEx_RxEventCallback  stm32f4xx_hal_uart.o
    0x08001d40   0x08001d40   0x00000002   Code   RO         1055    .text.HAL_UART_ErrorCallback  stm32f4xx_hal_uart.o
    0x08001d42   0x08001d42   0x00000002   PAD
    0x08001d44   0x08001d44   0x000002a4   Code   RO         1049    .text.HAL_UART_IRQHandler  stm32f4xx_hal_uart.o
    0x08001fe8   0x08001fe8   0x0000005e   Code   RO          965    .text.HAL_UART_Init  stm32f4xx_hal_uart.o
    0x08002046   0x08002046   0x00000002   PAD
    0x08002048   0x08002048   0x00000134   Code   RO           95    .text.HAL_UART_MspInit  usart.o
    0x0800217c   0x0800217c   0x00000020   Code   RO          989    .text.HAL_UART_Receive_IT  stm32f4xx_hal_uart.o
    0x0800219c   0x0800219c   0x000000c4   Code   RO          105    .text.HAL_UART_RxCpltCallback  usart.o
    0x08002260   0x08002260   0x000000ae   Code   RO          981    .text.HAL_UART_Transmit  stm32f4xx_hal_uart.o
    0x0800230e   0x0800230e   0x00000002   Code   RO         1059    .text.HAL_UART_TxCpltCallback  stm32f4xx_hal_uart.o
    0x08002310   0x08002310   0x00000002   Code   RO          128    .text.HardFault_Handler  stm32f4xx_it.o
    0x08002312   0x08002312   0x00000002   PAD
    0x08002314   0x08002314   0x00000034   Code   RO         1204    .text.IIC_Start     oled.o
    0x08002348   0x08002348   0x0000002c   Code   RO         1206    .text.IIC_Stop      oled.o
    0x08002374   0x08002374   0x00000020   Code   RO         1208    .text.IIC_Wait_Ack  oled.o
    0x08002394   0x08002394   0x00000068   Code   RO           15    .text.LoadOrNot     main.o
    0x080023fc   0x080023fc   0x00000188   Code   RO           42    .text.MX_GPIO_Init  gpio.o
    0x08002584   0x08002584   0x00000034   Code   RO           65    .text.MX_TIM10_Init  tim.o
    0x080025b8   0x080025b8   0x000000dc   Code   RO           55    .text.MX_TIM1_Init  tim.o
    0x08002694   0x08002694   0x000000d0   Code   RO           59    .text.MX_TIM3_Init  tim.o
    0x08002764   0x08002764   0x000000d4   Code   RO           61    .text.MX_TIM4_Init  tim.o
    0x08002838   0x08002838   0x00000054   Code   RO           63    .text.MX_TIM9_Init  tim.o
    0x0800288c   0x0800288c   0x00000038   Code   RO           89    .text.MX_USART1_UART_Init  usart.o
    0x080028c4   0x080028c4   0x00000038   Code   RO           91    .text.MX_USART2_UART_Init  usart.o
    0x080028fc   0x080028fc   0x00000058   Code   RO           93    .text.MX_USART6_UART_Init  usart.o
    0x08002954   0x08002954   0x00000002   Code   RO          130    .text.MemManage_Handler  stm32f4xx_it.o
    0x08002956   0x08002956   0x00000002   PAD
    0x08002958   0x08002958   0x00000034   Code   RO         1133    .text.Moto_back_run  moto_control.o
    0x0800298c   0x0800298c   0x00000034   Code   RO         1131    .text.Moto_forward_run  moto_control.o
    0x080029c0   0x080029c0   0x00000034   Code   RO         1135    .text.Moto_stop     moto_control.o
    0x080029f4   0x080029f4   0x00000034   Code   RO         1139    .text.Moto_turn_left  moto_control.o
    0x08002a28   0x08002a28   0x0000003c   Code   RO         1137    .text.Moto_turn_right  moto_control.o
    0x08002a64   0x08002a64   0x00000002   Code   RO          126    .text.NMI_Handler   stm32f4xx_it.o
    0x08002a66   0x08002a66   0x00000002   PAD
    0x08002a68   0x08002a68   0x00000034   Code   RO         1226    .text.OLED_Clear    oled.o
    0x08002a9c   0x08002a9c   0x00000088   Code   RO         1238    .text.OLED_Init     oled.o
    0x08002b24   0x08002b24   0x00000028   Code   RO         1220    .text.OLED_Set_Pos  oled.o
    0x08002b4c   0x08002b4c   0x00000094   Code   RO         1230    .text.OLED_ShowChar  oled.o
    0x08002be0   0x08002be0   0x00000090   Code   RO         1232    .text.OLED_ShowNum  oled.o
    0x08002c70   0x08002c70   0x00000090   Code   RO         1240    .text.OLED_ShowNumber  oled.o
    0x08002d00   0x08002d00   0x00000042   Code   RO         1236    .text.OLED_ShowString  oled.o
    0x08002d42   0x08002d42   0x00000002   PAD
    0x08002d44   0x08002d44   0x000000e4   Code   RO          103    .text.Openmv_Receive_Data  usart.o
    0x08002e28   0x08002e28   0x00000002   Code   RO          140    .text.PendSV_Handler  stm32f4xx_it.o
    0x08002e2a   0x08002e2a   0x00000002   PAD
    0x08002e2c   0x08002e2c   0x00000048   Code   RO         1267    .text.Position_PID  fine_line.o
    0x08002e74   0x08002e74   0x00000002   Code   RO          136    .text.SVC_Handler   stm32f4xx_it.o
    0x08002e76   0x08002e76   0x00000002   PAD
    0x08002e78   0x08002e78   0x00000070   Code   RO           99    .text.SendDataToOpenmv  usart.o
    0x08002ee8   0x08002ee8   0x00000058   Code   RO          101    .text.SetTargetRoom  usart.o
    0x08002f40   0x08002f40   0x00000004   Code   RO          142    .text.SysTick_Handler  stm32f4xx_it.o
    0x08002f44   0x08002f44   0x00000098   Code   RO           13    .text.SystemClock_Config  main.o
    0x08002fdc   0x08002fdc   0x00000010   Code   RO         1096    .text.SystemInit    system_stm32f4xx.o
    0x08002fec   0x08002fec   0x00000018   Code   RO          144    .text.TIM1_BRK_TIM9_IRQHandler  stm32f4xx_it.o
    0x08003004   0x08003004   0x0000001c   Code   RO          146    .text.TIM1_UP_TIM10_IRQHandler  stm32f4xx_it.o
    0x08003020   0x08003020   0x000000a0   Code   RO          184    .text.TIM_Base_SetConfig  stm32f4xx_hal_tim.o
    0x080030c0   0x080030c0   0x00000058   Code   RO          328    .text.TIM_OC1_SetConfig  stm32f4xx_hal_tim.o
    0x08003118   0x08003118   0x00000060   Code   RO          330    .text.TIM_OC2_SetConfig  stm32f4xx_hal_tim.o
    0x08003178   0x08003178   0x00000060   Code   RO          332    .text.TIM_OC3_SetConfig  stm32f4xx_hal_tim.o
    0x080031d8   0x080031d8   0x00000048   Code   RO          334    .text.TIM_OC4_SetConfig  stm32f4xx_hal_tim.o
    0x08003220   0x08003220   0x00000022   Code   RO          370    .text.TIM_TI1_ConfigInputStage  stm32f4xx_hal_tim.o
    0x08003242   0x08003242   0x00000002   PAD
    0x08003244   0x08003244   0x00000070   Code   RO          338    .text.TIM_TI1_SetConfig  stm32f4xx_hal_tim.o
    0x080032b4   0x080032b4   0x00000024   Code   RO          372    .text.TIM_TI2_ConfigInputStage  stm32f4xx_hal_tim.o
    0x080032d8   0x080032d8   0x0000003c   Code   RO          340    .text.TIM_TI2_SetConfig  stm32f4xx_hal_tim.o
    0x08003314   0x08003314   0x0000000c   Code   RO         1053    .text.UART_DMAAbortOnError  stm32f4xx_hal_uart.o
    0x08003320   0x08003320   0x0000004e   Code   RO         1013    .text.UART_EndRxTransfer  stm32f4xx_hal_uart.o
    0x0800336e   0x0800336e   0x000000ca   Code   RO         1051    .text.UART_Receive_IT  stm32f4xx_hal_uart.o
    0x08003438   0x08003438   0x000000cc   Code   RO          969    .text.UART_SetConfig  stm32f4xx_hal_uart.o
    0x08003504   0x08003504   0x00000032   Code   RO          991    .text.UART_Start_Receive_IT  stm32f4xx_hal_uart.o
    0x08003536   0x08003536   0x00000070   Code   RO          983    .text.UART_WaitOnFlagUntilTimeout  stm32f4xx_hal_uart.o
    0x080035a6   0x080035a6   0x00000002   PAD
    0x080035a8   0x080035a8   0x0000000c   Code   RO          148    .text.USART1_IRQHandler  stm32f4xx_it.o
    0x080035b4   0x080035b4   0x0000000c   Code   RO          150    .text.USART2_IRQHandler  stm32f4xx_it.o
    0x080035c0   0x080035c0   0x0000000c   Code   RO          154    .text.USART6_IRQHandler  stm32f4xx_it.o
    0x080035cc   0x080035cc   0x00000002   Code   RO          134    .text.UsageFault_Handler  stm32f4xx_it.o
    0x080035ce   0x080035ce   0x00000002   PAD
    0x080035d0   0x080035d0   0x00000054   Code   RO         1210    .text.Write_IIC_Byte  oled.o
    0x08003624   0x08003624   0x00000028   Code   RO         1212    .text.Write_IIC_Command  oled.o
    0x0800364c   0x0800364c   0x00000030   Code   RO         1214    .text.Write_IIC_Data  oled.o
    0x0800367c   0x0800367c   0x00000020   Code   RO          107    .text.hhSerialSendByte  usart.o
    0x0800369c   0x0800369c   0x00000ca0   Code   RO           11    .text.main          main.o
    0x0800433c   0x0800433c   0x00000098   Code   RO         1141    .text.moto_control_l  moto_control.o
    0x080043d4   0x080043d4   0x00000098   Code   RO         1143    .text.moto_control_r  moto_control.o
    0x0800446c   0x0800446c   0x0000008c   Code   RO         1242    .text.oled_show     oled.o
    0x080044f8   0x080044f8   0x000000e4   Code   RO           19    .text.spin_Turn     main.o
    0x080045dc   0x080045dc   0x00000028   Code   RO         1542    i.__0sprintf        mc_w.l(printfa.o)
    0x08004604   0x08004604   0x0000000e   Code   RO         1614    i.__scatterload_copy  mc_w.l(handlers.o)
    0x08004612   0x08004612   0x00000002   Code   RO         1615    i.__scatterload_null  mc_w.l(handlers.o)
    0x08004614   0x08004614   0x0000000e   Code   RO         1616    i.__scatterload_zeroinit  mc_w.l(handlers.o)
    0x08004622   0x08004622   0x00000002   PAD
    0x08004624   0x08004624   0x00000184   Code   RO         1547    i._fp_digits        mc_w.l(printfa.o)
    0x080047a8   0x080047a8   0x000006dc   Code   RO         1548    i._printf_core      mc_w.l(printfa.o)
    0x08004e84   0x08004e84   0x00000024   Code   RO         1549    i._printf_post_padding  mc_w.l(printfa.o)
    0x08004ea8   0x08004ea8   0x0000002e   Code   RO         1550    i._printf_pre_padding  mc_w.l(printfa.o)
    0x08004ed6   0x08004ed6   0x0000000a   Code   RO         1552    i._sputc            mc_w.l(printfa.o)
    0x08004ee0   0x08004ee0   0x00000010   Data   RO         1101    .rodata.AHBPrescTable  system_stm32f4xx.o
    0x08004ef0   0x08004ef0   0x00000008   Data   RO         1102    .rodata.APBPrescTable  system_stm32f4xx.o
    0x08004ef8   0x08004ef8   0x00000228   Data   RO         1244    .rodata.F6x8        oled.o
    0x08005120   0x08005120   0x000005f0   Data   RO         1245    .rodata.F8X16       oled.o
    0x08005710   0x08005710   0x00000020   Data   RO         1612    Region$$Table       anon$$obj.o


    Execution Region RW_IRAM1 (Exec base: 0x20000000, Load base: 0x08005730, Size: 0x00000738, Max: 0x00010000, ABSOLUTE)

    Exec Addr    Load Addr    Size         Type   Attr      Idx    E Section Name        Object

    0x20000000   0x08005730   0x00000014   Data   RW           30    .data..L_MergedGlobals  main.o
    0x20000014   0x08005744   0x0000000c   PAD
    0x20000020   0x08005750   0x00000060   Data   RW          111    .data..L_MergedGlobals  usart.o
    0x20000080   0x080057b0   0x0000000c   Data   RW          924    .data..L_MergedGlobals  stm32f4xx_hal.o
    0x2000008c   0x080057bc   0x00000004   PAD
    0x20000090   0x080057c0   0x0000002c   Data   RW         1119    .data..L_MergedGlobals  encoder.o
    0x200000bc   0x080057ec   0x00000004   PAD
    0x200000c0   0x080057f0   0x00000034   Data   RW         1276    .data..L_MergedGlobals  fine_line.o
    0x200000f4   0x08005824   0x00000004   Data   RW         1100    .data.SystemCoreClock  system_stm32f4xx.o
    0x200000f8   0x08005828   0x00000008   PAD
    0x20000100        -       0x00000048   Zero   RW          112    .bss..L_MergedGlobals.1  usart.o
    0x20000148        -       0x00000010   Zero   RW         1277    .bss..L_MergedGlobals.1  fine_line.o
    0x20000158   0x08005828   0x00000008   PAD
    0x20000160        -       0x00000048   Zero   RW          113    .bss..L_MergedGlobals.2  usart.o
    0x200001a8   0x08005828   0x00000008   PAD
    0x200001b0        -       0x00000016   Zero   RW          114    .bss..L_MergedGlobals.3  usart.o
    0x200001c6        -       0x00000001   Zero   RW          110    .bss.Bluetooth_Receive_Buffer  usart.o
    0x200001c7   0x08005828   0x00000001   PAD
    0x200001c8        -       0x00000048   Zero   RW           71    .bss.htim1          tim.o
    0x20000210        -       0x00000048   Zero   RW           75    .bss.htim10         tim.o
    0x20000258        -       0x00000048   Zero   RW           72    .bss.htim3          tim.o
    0x200002a0        -       0x00000048   Zero   RW           73    .bss.htim4          tim.o
    0x200002e8        -       0x00000048   Zero   RW           74    .bss.htim9          tim.o
    0x20000330        -       0x00000004   Zero   RW         1149    .bss.pid_cal_l.Integral_error_l  moto_control.o
    0x20000334        -       0x00000004   Zero   RW         1150    .bss.pid_cal_r.Integral_error  moto_control.o
    0x20000338        -       0x00000400   Zero   RW            1    STACK               startup_stm32f401xc.o


==============================================================================

Image component sizes


      Code (inc. data)   RO Data    RW Data    ZI Data      Debug   Object Name

       232         32          0         44          0       5334   encoder.o
       848         44          0         52         16       3705   fine_line.o
       392         16          0          0          0       4006   gpio.o
      3760        290          0         20          0       8112   main.o
       572         64          0          0          8       5680   moto_control.o
      1170         68       2072          0          0       8214   oled.o
        36          8        404          0       1024        832   startup_stm32f401xc.o
       172          8          0         12          0       7670   stm32f4xx_hal.o
       188         24          0          0          0      10079   stm32f4xx_hal_cortex.o
       168          0          0          0          0       8832   stm32f4xx_hal_dma.o
       440         32          0          0          0       5455   stm32f4xx_hal_gpio.o
        56          4          0          0          0       1668   stm32f4xx_hal_msp.o
      1332         48          0          0          0       7906   stm32f4xx_hal_rcc.o
      2330         80          0          0          0      46438   stm32f4xx_hal_tim.o
       196          0          0          0          0      20115   stm32f4xx_hal_tim_ex.o
      1640          8          0          0          0      23592   stm32f4xx_hal_uart.o
       130         24          0          0          0       2152   stm32f4xx_it.o
        16          4         24          4          0       2838   system_stm32f4xx.o
      1208         60          0          0        360      11061   tim.o
      1164         96          0         96        167      10522   usart.o

    ----------------------------------------------------------------------
     16080        910       2532        248       1600     194211   Object Totals
         0          0         32          0          0          0   (incl. Generated)
        30          0          0         20         25          0   (incl. Padding)

    ----------------------------------------------------------------------

      Code (inc. data)   RO Data    RW Data    ZI Data      Debug   Library Member Name

         0          0          0          0          0          0   entry.o
         0          0          0          0          0          0   entry10a.o
         0          0          0          0          0          0   entry11a.o
         8          4          0          0          0          0   entry2.o
         4          0          0          0          0          0   entry5.o
         0          0          0          0          0          0   entry7b.o
         0          0          0          0          0          0   entry8b.o
         8          4          0          0          0          0   entry9a.o
        30          0          0          0          0          0   handlers.o
        36          8          0          0          0         68   init.o
         0          0          0          0          0          0   iusefp.o
        30          0          0          0          0         68   llshl.o
        36          0          0          0          0         68   llsshr.o
        32          0          0          0          0         68   llushr.o
        36          0          0          0          0        108   memseta.o
      2276         86          0          0          0        520   printfa.o
        44          0          0          0          0         80   uidiv.o
        98          0          0          0          0         92   uldiv.o
        48          0          0          0          0         68   cdrcmple.o
       334          0          0          0          0        148   dadd.o
       222          0          0          0          0        100   ddiv.o
       186          0          0          0          0        176   depilogue.o
        48          0          0          0          0         68   dfixul.o
       228          0          0          0          0         96   dmul.o

    ----------------------------------------------------------------------
      3708        102          0          0          0       1728   Library Totals
         4          0          0          0          0          0   (incl. Padding)

    ----------------------------------------------------------------------

      Code (inc. data)   RO Data    RW Data    ZI Data      Debug   Library Name

      2638        102          0          0          0       1072   mc_w.l
      1066          0          0          0          0        656   mf_w.l

    ----------------------------------------------------------------------
      3708        102          0          0          0       1728   Library Totals

    ----------------------------------------------------------------------

==============================================================================


      Code (inc. data)   RO Data    RW Data    ZI Data      Debug   

     19788       1012       2532        248       1600     194971   Grand Totals
     19788       1012       2532        248       1600     194971   ELF Image Totals
     19788       1012       2532        248          0          0   ROM Totals

==============================================================================

    Total RO  Size (Code + RO Data)                22320 (  21.80kB)
    Total RW  Size (RW Data + ZI Data)              1848 (   1.80kB)
    Total ROM Size (Code + RO Data + RW Data)      22568 (  22.04kB)

==============================================================================

